(B);NonStandard15;X15;15;NonStandard15
(B);NonStandard29;X29;29;NonStandard29
(B);NonStandard4;X4;4;NonStandard4
(B);NonStandard2;X2;2;NonStandard2
(B);NonStandard20;X20;20;NonStandard20
(B);NonStandard6;X6;6;NonStandard6
(B);NonStandard22;X22;22;NonStandard22
(B);NonStandard26;X26;26;NonStandard26
(B);NonStandard7;X7;7;NonStandard7
(B);NonStandard11;X11;11;NonStandard11
(B);NonStandard5;X5;5;NonStandard5
(B);NonStandard12;X12;12;NonStandard12
(B);NonStandard31;X31;31;NonStandard31
(B);NonStandard16;X16;16;NonStandard16
(B);NonStandard3;X3;3;NonStandard3
(B);NonStandard14;X14;14;NonStandard14
(B);NonStandard10;X10;10;NonStandard10
(B);NonStandard19;X19;19;NonStandard19
(B);NonStandard23;X23;23;NonStandard23
(B);NonStandard21;X21;21;NonStandard21
(B);NonStandard24;X24;24;NonStandard24
(B);NonStandard1;X1;1;NonStandard1
(B);NonStandard8;X8;8;NonStandard8
(S);;735ef1;160;
v_RFU3;24;32;X8;
v_hee_QoSMeanRequested;16;32;X8;
v_RFU2;15;32;X1;
v_hee_QoSPeakRequested;11;32;X4;
v_hee_QoSReliabilityRequested;8;32;X3;
v_hee_2PDPManagement;7;32;X1;
v_hee_QoSDelayRequested;4;32;X3;
v_hee_QoSPeakMin;0;32;X4;
v_hee_QosTrafficClass;29;32;X3;
v_hee_QosDeliveryOrder;27;32;X2;
v_hee_QosDeliveryErrSDU;24;32;X3;
v_hee_QosMaxSDUSize;16;32;X8;
v_hee_QosMaxULBitRate;8;32;X8;
v_hee_QosMaxDLBitRate;0;32;X8;
v_hee_QosResidualBER;28;32;X4;
v_hee_QosSDUErrorRatio;24;32;X4;
v_hee_QosTransferDelay;18;32;X6;
v_hee_QosTrafficHandling;16;32;X2;
v_hee_QosGuaranteedULBitRate;8;32;X8;
v_hee_QosGuaranteedDLBitRate;0;32;X8;
v_hee_QosMinTrafficClass;29;32;X3;
v_hee_QosMinDeliveryOrder;27;32;X2;
v_hee_QosMinDeliveryErrSDU;24;32;X3;
v_hee_QosMinMaxSDUSize;16;32;X8;
v_hee_QosMinMaxULBitRate;8;32;X8;
v_hee_QosMinMaxDLBitRate;0;32;X8;
v_hee_QosMinResidualBER;28;32;X4;
v_hee_QosMinSDUErrorRatio;24;32;X4;
v_hee_QosMinTransferDelay;18;32;X6;
v_hee_QosMinTrafficHandling;16;32;X2;
v_hee_QosMinGuaranteedULBitRate;8;32;X8;
v_hee_QosMinGuaranteedDLBitRate;0;32;X8;
(B);;47b08;8;S;
(A);;73ae95;13;47ab8;
(A);;739c93;1;47ab8;
(A);;738b2c;13;47ab8;
(S);;732321;64;
s_hee_WapEncryptedDataSectionHeader;0;;1b2a18;
(T);stBblRfNvramTxVrampVBatCorrectionParam;ab2a7;ab251;
(S);;734442;320;
v_hee_EmCallEcPlmn;0;;734447;
(T);u8;47ab8;47aa7;
(A);;738bf1;60;47ab8;
(A);;1b31e0;1251;47b17;
(S);;7373b9;32;
v_hee_VoiceMemo;31;32;X1;
v_hee_AlarmStatus;30;32;X1;
v_hee_Vibrator;29;32;X1;
v_hee_TimeFormat;28;32;X1;
v_hee_RingVolume;24;32;X4;
v_hee_KeyToneAlert;23;32;X1;
v_hee_OrganizerAlert;22;32;X1;
v_hee_BatteryLowAlert;21;32;X1;
v_hee_NewMessageAlert;20;32;X1;
v_hee_PlmnMode;17;32;X3;
v_hee_Backlight;15;32;X2;
v_hee_AnyKeyAnswer;14;32;X1;
v_hee_Communication;13;32;X1;
v_hee_Animation;12;32;X1;
v_hee_Contrast;9;32;X3;
v_hee_ClockFormat;8;32;X1;
v_hee_RingerType;1;32;X7;
v_hee_AutomaticLanguage;0;32;X1;
(T);t_hau_DspTxOrgan;60e1e;60e03;
(S);;1b29af;64;
v_hee_CheckSum;0;;47ab8;
v_hee_Version;8;;47ab8;
v_hee_SectionSize;16;;47ac2;
v_hee_Signature;32;;47ae0;
(A);;73515f;5;73507b;
(T);Uint16;70228;70237;
(S);;73326e;288;
s_hee_DataBitFields;0;;73266d;
s_hee_DataBitFields2;32;;732b12;
s_hee_DataBitFields3;64;;732cd0;
s_hee_DataBitFields4;128;;732dea;
v_CrlpVer;192;;47ab8;
v_CrlpT4;200;;47ab8;
v_CrlpIws;208;;47ab8;
v_CrlpMws;216;;47ab8;
v_CrlpT1;224;;47ab8;
v_CrlpN2;232;;47ab8;
v_CauseSelect;240;;47ab8;
v_Cause;248;;47ab8;
a_atp_Storage;256;;733379;
v_GAP_CurrentRegisters;280;;733398;
(T);t_ProcessInstance;47594;47ab8;
(A);;73720f;12;47ab8;
(T);t_hee_SmspRecord;73851d;738492;
(S);;733a01;64;
v_Year;0;;47ac2;
v_Month;16;;47ab8;
v_Day;24;;47ab8;
v_Recurr;32;;47ab8;
v_Hour;40;;47ab8;
v_Minutes;48;;47ab8;
v_Seconds;56;;47ab8;
(T);s_hee_SavParam;739f98;739f81;
(A);;ab794;5;70228;
(S);;734713;32;
v_hee_GEA_1_support;7;8;X1;
v_hee_GEA_2_support;6;8;X1;
v_hee_GEA_3_support;5;8;X1;
v_hee_GEA_4_support;4;8;X1;
v_hee_GEA_5_support;3;8;X1;
v_hee_GEA_6_support;2;8;X1;
v_hee_GEA_7_support;1;8;X1;
v_hee_NotUsed;0;8;X1;
v_GAP;8;;734812;
(T);t_hee_BaBitMap;7344c9;73448a;
(A);;73448f;70;47ab8;
(S);;7375fd;32;
v_hee_Alarm2Status;31;32;X1;
v_hee_Alarm2ClockOnce;30;32;X1;
v_hee_AlarmClockOnce;29;32;X1;
v_hee_ALSLineFlag;28;32;X1;
v_hee_CFUPromptFlag;27;32;X1;
v_hee_AskForStatusReport;26;32;X1;
v_hee_RecordSentMessages;25;32;X1;
v_hee_DefaultReplyPath;24;32;X1;
v_hee_ReconfKeyPadLock;22;32;X2;
v_hee_AVC_Comp;20;32;X2;
v_hee_CLIR;18;32;X2;
v_hee_AccessLevel;16;32;X2;
v_hee_UserVolume;12;32;X4;
v_hee_EarpieceVolume;8;32;X4;
v_hee_CCBS;7;32;X1;
v_hee_KeyPadLock;4;32;X3;
v_hee_CurrentLineL1L2;3;32;X1;
v_hee_AutoRedial;2;32;X1;
v_hee_ShowInfoEndOfCall;1;32;X1;
v_hee_CallReminder;0;32;X1;
(A);;734b17;12;47ab8;
(A);;73c836;4;47b17;
(S);;7365ff;32;
v_hee_CallCtrlStkBusyAllowed;0;;47ab8;
v_Empty;8;;73662a;
(T);t_hee_GprsAppli;732201;732104;
(T);t_hee_MelodyParam;73af64;73af26;
(T);t_hee_SettingParam;739673;739633;
(A);;4a88f;10;47b17;
(S);;731d2a;96;
v_hee_Mode;0;;47ab8;
v_hee_Number;8;;47ab8;
v_dummy1;16;;47ab8;
v_dummy2;24;;47ab8;
a_hee_Arfcn;32;;731d7d;
(A);;7389c9;15;47ab8;
(T);t_hee_AdcDataParam;73c4a9;73c025;
(A);;739b16;8;47ab8;
(A);;acba7;1024;701ec;
(S);;739d80;1216;
v_hee_NbPclGSM;0;;739d86;
NbPclDCS;576;;739da8;
NbDlPdchBlock;1184;;47ae0;
(A);;ab256;2;70228;
(T);t_hee_atp_PDPContexts;733911;73389f;
(A);;7335fc;2;7331ac;
(A);;4a5d2;7;47b17;
(A);;73a239;16;47ab8;
(T);t_Band;73a526;73a50e;
(A);;ab9d3;82;70228;
(S);;73392f;64;
v_N1;0;;47ac2;
v_Mode;7;8;X1;
v_Subset;6;8;X1;
v_PortSpeed;3;8;X3;
v_K;0;8;X3;
v_T1;24;;47ab8;
v_N2;32;;47ab8;
v_T2;40;;47ab8;
v_T3;48;;47ab8;
v_GAP_1;56;;7339ca;
(A);;734b76;12;47ab8;
(A);;7336aa;20;47ab8;
(T);t_hau_AudioBBLParams;60f87;60ed5;
(S);;733547;192;
a_Year;0;;73354c;
a_Month;24;;733564;
a_Day;48;;73357d;
a_Hour;72;;733594;
a_Minute;96;;7335ac;
a_Second;120;;7335c6;
a_TimeZone;144;;7335e0;
a_DiffSign;168;;7335fc;
v_Gap_AsoluteTime;184;;733618;
(S);;73383d;320;
a_atp_ScAddress;0;;733842;
s_atp_CSMPCmd;96;;7337b1;
(A);;733c42;3;47ab8;
(A);;73aab8;2;47ab8;
(T);t_hee_DataBitFields;73266d;73250a;
(S);;ab0ac;32;
rssiGainFctOfTemp;0;;ab0b1;
rssiThresholdTemp;16;;ab0d6;
(S);;73b23e;672;
s_hee_HotKeysSectionHeader;0;;1b2a18;
s_hee_HotKeysBitfield;64;;73b1be;
s_hee_UCS2Bitfield;96;;73b223;
a_hee_HotKeysTable;128;;73b29e;
a_hee_HotKeysIMSINumber;224;;73b2c4;
a_hee_QuickDialTable;288;;73b2ef;
(A);;73ae4b;50;47ac2;
(A);;4b0d9;10;47b17;
(T);t_hee_DeviceInformation;73a2f2;73a1ef;
(A);;ab0d6;2;7020b;
(S);;ab9a3;2448;
version;0;;70228;
debug;16;;ab9ba;
config;656;;ab9d3;
tty;1968;;ab9ed;
(B);;70219;8;S;
(A);;73c875;4;73c869;
(A);;73845e;10;47ac2;
(A);;4a8b2;10;47b17;
(T);t_hee_Header;734fb9;734f3d;
(T);t_hee_BtSetting;73a3f3;73a311;
(A);;73984e;2;47ab8;
(T);st_bbl_nvram_dsp;aba06;ab9a3;
(T);stBblRfNvramTdiLite;ab439;ab3e3;
(A);;739ad0;2;47ab8;
(T);t_hee_DataBitFields2;732b12;7328cf;
(A);;732f62;4;47ab8;
(S);;7372cf;768;
s_hee_SetupSectionHeader;0;;1b2a18;
s_hee_Setup;64;;7372bb;
(T);t_hee_Features4;736682;73665e;
(S);;73250a;32;
v_CrState;31;32;X1;
v_TypeOfAddress;23;32;X8;
v_UserBearerRate;19;32;X4;
v_SyncAsync;18;32;X1;
v_TransferMode;17;32;X1;
v_InfoTrans;14;32;X3;
v_ConnElm;12;32;X2;
v_Crc;11;32;X1;
v_CallMode;9;32;X2;
v_CMEE;7;32;X2;
v_CREGn;5;32;X2;
v_CGREGn;3;32;X2;
v_CSMSService;2;32;X1;
v_CFUNReset;1;32;X1;
v_UrcMode;0;32;X1;
(A);;73a1f4;6;47ab8;
(T);s_hee_AddrParam;7317ab;731795;
(T);t_hee_PlmnBandIndList;7345be;73455b;
(U);;7336ec;192;
s_RelTime;0;;7336d1;
s_AbsTime;0;;73363e;
(A);;7338ea;3;47ab8;
(A);;73998d;4;47ab8;
(T);t_hwlaud_UserRxCfg;4bfb9;4bf82;
(S);;73c55d;1792;
s_hee_BatSectionHeader;0;;1b2a18;
v_hee_VoltageMaxToCharge;64;;47b17;
v_hee_TempMinToCharge;80;;47afd;
v_hee_TempMaxToCharge;88;;47afd;
v_hee_TempMinToRestartCharge;96;;47afd;
v_hee_TempMaxToRestartCharge;104;;47afd;
v_hee_VpSelect;112;;47ab8;
v_hee_VpSelectInCall;120;;47ab8;
v_hee_CMainTimerEndCharge;128;;47ac2;
v_hee_CUSBTimerEndCharge;144;;47ac2;
v_hee_CTLIMVoltageRestart;160;;47ac2;
v_hee_CStopChargeFeature;176;;47ab8;
v_hee_CAutoResume;184;;47ab8;
v_hee_CResumeVoltageRestart;192;;47ac2;
dummy1;208;;73c72f;
v_hee_CMainCurrentRateLow;224;;47ab8;
v_hee_CMainCurrentRateHigh;232;;47ab8;
v_hee_CUSBCurrentRateLow;240;;47ab8;
v_hee_CUSBCurrentRateHigh;248;;47ab8;
a_hee_MainIntermediateTimeOut;256;;73c7d5;
a_hee_USBIntermediateTimeOut;320;;73c806;
a_hee_MainChargeLevel;384;;73c842;
a_hee_MainChargeThesholdType;640;;73c875;
a_hee_USBChargeLevel;768;;73c8af;
a_hee_USBChargeThesholdType;1024;;73c8e1;
v_hee_DischargeLevel3;1152;;47b17;
v_hee_DischargeLevel2;1168;;47b17;
v_hee_DischargeLevel1;1184;;47b17;
v_hee_DischargeLevel0;1200;;47b17;
a_hee_DischargeLevelCompensator;1216;;73c99b;
v_hee_BacklightCompensation;1536;;47b17;
v_hee_TxDropForLowvolt;1552;;47b17;
v_hee_TxDropForSwitchOff;1568;;47b17;
dummy4;1584;;73ca37;
v_hee_VbatSIMUVSwitchOff;1600;;47b2c;
dummy3;1632;;73ca75;
v_hee_VoltageFlat;1760;;47ae0;
(T);t_hee_ClkDelta;738658;7385e5;
(A);;739826;18;47ab8;
(A);;739021;16;7387c1;
(A);;acb88;4;7020b;
(A);;734cce;2;47ab8;
(B);;47ace;16;U;
(A);;72da15;12;72d8d3;
(S);;7328cf;32;
v_PSNTRG_Mode;31;32;X1;
v_PSCIPH_Mode;30;32;X1;
v_PSNWID_Mode;29;32;X1;
v_PSUTTZ_Mode;28;32;X1;
v_PSHZNT_Mode;27;32;X1;
v_CGEREP_Bfr;26;32;X1;
v_CGEREP_Mode;24;32;X2;
v_CMER_IndicatorReport;22;32;X2;
v_CMER_Mode;19;32;X3;
v_RegisterInAutomaticMode;18;32;X1;
v_CMGFMode;17;32;X1;
v_CSDH;16;32;X1;
v_CharSet;13;32;X3;
v_COLP_n;12;32;X1;
v_CSSN_m;11;32;X1;
v_CSSN_n;10;32;X1;
v_CLIP_n;9;32;X1;
v_CLIR_n;7;32;X2;
v_PSCSSC_Mode;6;32;X1;
v_PSFSNT_Mode;5;32;X1;
v_PSCSCN_Mode;3;32;X2;
v_CAOC_Mode;1;32;X2;
v_CCWE_Mode;0;32;X1;
(S);;7386fd;896;
a_hee_L1;0;;738702;
a_hee_L2;224;;73871e;
a_hee_fax;448;;73873a;
a_hee_data;672;;738757;
(S);;7344df;640;
v_hee_Plmn;0;;7344e4;
(S);;73aab3;128;
v_hee_ProductionLocation;0;;73aab8;
v_hee_HardVersion;16;;47ab8;
v_hee_Week;24;;47ab8;
v_hee_Year;32;;47ac2;
v_hee_LineNumber;48;;47ab8;
v_hee_Number;56;;73ab41;
v_hee_ConfigLine;80;;47ab8;
v_hee_ConfigWeek;88;;47ab8;
v_hee_ConfigYear;96;;47ac2;
v_hee_ConfigIndication;112;;47ac2;
(T);t_hwlaud_SelEsY;4b1ad;4b1a1;
(A);;7386c9;28;47ab8;
(A);;ab828;2;ab3c1;
(A);;ab0b1;2;7020b;
(T);t_hee_PN_Number;73abd0;73aab3;
(A);;739a4c;2;47ab8;
(S);;7385e5;64;
v_hee_Counter;0;;47ae0;
v_hee_Sign;32;;47ab8;
v_hee_dummy1;40;;47ab8;
v_hee_dummy2;48;;47ab8;
v_hee_dummy3;56;;47ab8;
(A);;72f3a6;3;47ab8;
(T);t_hee_SetupParam;73730a;7372cf;
(T);t_hee_FmSettingParam;731b59;731b17;
(T);t_hee_Production;734e30;734af2;
(B);;47aec;32;U;
(A);;73c98f;2;47b17;
(S);;7387db;288;
v_Aud_Reco_Thr1;0;;47ae0;
v_Aud_Reco_Thr2;32;;47ae0;
v_Aud_Reco_Thr3;64;;47ae0;
v_Aud_Reco_Thr4;96;;47ae0;
v_Aud_Reco_Thr5;128;;47ae0;
v_Aud_Reco_Thr6;160;;47ae0;
v_Rec2L_Thr;192;;47ab8;
v_Rec2H_Thr;200;;47ab8;
v_MicBias_Aux_Idle;208;;47ab8;
v_MicBias_Sampling;216;;47ab8;
v_Rec_Logic;224;;47ab8;
v_Rec_Swap;232;;47ab8;
FillByte1;240;;47ab8;
FillByte2;248;;47ab8;
v_Hookswitch_Threshold;256;;47ac2;
v_VCM_Enable_Threshold;272;;47ac2;
(T);t_hee_UCS2Bitfield;73b223;73b1db;
(A);;734fd1;5;475c6;
(A);;72d772;8;47ab8;
(A);;73c869;4;47afd;
(A);;73873a;28;47ab8;
(S);;72d8eb;4544;
s_hee_SimSectionHeader;0;;1b2a18;
a_UnbckImsi;64;;72d911;
s_NckCode;128;;72d7dc;
s_NsckCode;224;;72d7dc;
s_SpckCode;320;;72d7dc;
s_CckCode;416;;72d7dc;
s_PckCode;512;;72d7dc;
v_UnbckAttempt;608;;47ab8;
v_Gid1Presence;616;;47ab8;
v_Gid2Presence;624;;47ab8;
v_AutoLock;632;;47ab8;
v_OperatorFile;640;;47ab8;
v_GAP1;648;;72d9fb;
a_MultiImsi;672;;72da15;
v_AesPadding1;4512;;47ab8;
v_AesPadding2;4520;;47ab8;
v_AesPadding3;4528;;47ab8;
v_AesPadding4;4536;;47ab8;
(T);t_hee_Setup;7372bb;73718b;
(A);;ab6a8;4;ab69c;
(A);;73ac7c;2;47ab8;
(S);;738101;32;
v_hee_MicroGain;28;32;X4;
v_hee_SpeakerGain;24;32;X4;
v_hee_MeloVolumeLevel;20;32;X4;
v_hee_CarKitMelody;17;32;X3;
v_hee_CarKitpowerDown1;16;32;X1;
v_hee_CarKitpowerDown;8;32;X8;
v_hee_AutoVolumeControl;7;32;X1;
v_hee_CarKitConnectedOnce;6;32;X1;
v_hee_AutoPowerDown;4;32;X2;
v_hee_Speakers;3;32;X1;
v_hee_AutoAnswer;0;32;X3;
(A);;738690;28;47ab8;
(T);t_hee_UMAConfig;7348de;73489c;
(A);;ab8ae;1;70261;
(S);;60e03;2400;
s_DspTxCfg;0;;4bf68;
(A);;73ae6e;33;47ae0;
(T);t_hee_KbdParam;73b0c6;73b083;
(S);;732104;224;
s_hee_UserFeatures;0;;7320ea;
a_hee_GprsIPAddress;32;;732123;
v_hee_MobileSessionCounter;64;;47ae0;
v_hee_PcSessionCounter;96;;47ae0;
v_hee_DetachTimer;128;;47ae0;
v_hee_DeactivatePdpTimer;160;;47ae0;
v_hee_DataTime;192;;47ac2;
v_GAP_END;208;;7321e3;
(S);;737d0a;32;
v_RFU4;24;32;X8;
v_hee_SettingsRamDump;16;32;X8;
v_RFU2;11;32;X5;
v_hee_UsbConfigSelect;8;32;X3;
v_RFU1;7;32;X1;
v_hee_ErrorDebugIsBlocking;6;32;X1;
v_RFU3;5;32;X1;
v_hee_ReconfPhoneLock;3;32;X2;
v_hee_PhoneLock;0;32;X3;
(S);;73320e;512;
a_text;0;;733213;
v_NitzMcc;480;;47ac2;
v_NitzMnc;496;;47ac2;
(S);;4ace7;4336;
a_AudioDcCal;0;;4acc4;
(A);;1b3297;4;47ab8;
(A);;ab574;7;70228;
(A);;72d820;2;47ab8;
(T);t_hee_SettingsBitFields3;737ce9;737b3c;
(A);;4a56c;7;47b17;
(T);s_hee_SimLocked;72daab;72da93;
(A);;733784;1;47ab8;
(T);t_hee_FA_oam_Section;73aa97;73a961;
(A);;ab334;7;7020b;
(T);t_hee_EnabledRAT;734883;734849;
(T);t_hee_AudioParam;73cba1;73cb59;
(B);;701fa;8;U;
(A);;4b067;32;47b17;
(T);Sint8;7020b;70219;
(S);;72d7f3;32;
v_MinValue;0;;47ab8;
v_MaxValue;8;;47ab8;
v_GAP2;16;;72d820;
(T);t_hwlaud_TxIirFilter;4b134;4b128;
(S);;ab11d;64;
txVrampCorrLowArfcn;0;;70228;
txVrampCorrHighArfcn;16;;70228;
txVrampThresholdLowArfcn;32;;70228;
txVrampThresholdHighArfcn;48;;70228;
(S);;733dd8;9216;
s_hee_VirginSectionHeader;0;;1b2a18;
vl_SIMEITimes;64;;47ab8;
v_cmte_switch;72;;47ab8;
v_vr_switch;80;;47ab8;
v_csmins_switch;88;;47ab8;
v_ciurc_switch;96;;47ab8;
v_Moring_param;104;;47ab8;
v_CEER_Mode;112;;47ab8;
v_CCPD_param;120;;47ab8;
v_cexths_switch;128;;47ab8;
v_cextbut_switch;136;;47ab8;
v_chf_switch;144;;47ab8;
v_cfgri_switch;152;;47ab8;
v_sub_clvl0;160;;47ab8;
v_sub_clvl1;168;;47ab8;
v_PsstkiMode_param;176;;47ab8;
v_CLCC_Mode;184;;47ab8;
v_CALS_param;192;;47ab8;
v_CALM_param;200;;47ab8;
v_hee_UserVolume0;208;;47ab8;
v_hee_UserVolume1;216;;47ab8;
v_skpd_Mode;224;;47ab8;
v_sub_clvl2;232;;47ab8;
v_sub_clvl3;240;;47ab8;
v_hee_UserVolume2;248;;47ab8;
v_hee_UserVolume3;256;;47ab8;
v_CRIPULSE_param;264;;47ab8;
v_CBUZZERRING_param;272;;47ab8;
v_hee_cemnl_enabled;280;;47ab8;
v_hee_cemnl_amount;288;;47ab8;
a_hee_emergency_number;296;;7340bb;
v_netlock_param;872;;47ab8;
v_att_param;880;;47ab8;
v_caas_param;888;;47ab8;
v_hee_LED_sparktime;896;;734126;
v_cgas_param;992;;47ab8;
v_hee_ur;1000;;47ab8;
a_hee_VirginSpecialSection;1008;;734173;
(T);t_hee_Factory;73a0db;73a007;
(A);;60f66;4;60ebb;
(A);;735182;5;73512c;
(T);stBblRfNvramTxFreqBiasParam;ab30c;ab2d5;
(T);t_hee_DataBitFields3;732cd0;732b2f;
(A);;60f06;8;60dea;
(T);t_hee_CellLock;731d9d;731d2a;
(T);s_hee_FmSettingParam;731b75;731b59;
(T);t_hee_SettingsBitFields2;737b1b;737898;
(A);;734af8;4;47ab8;
(A);;733d55;4;733d4d;
(B);;47b23;16;S;
(A);;73354c;3;7331ac;
(T);t_ant_NitzShortName;733252;73320e;
(A);;73c8d5;4;47afd;
(T);s_hee_OamParam;73add9;73adc2;
(A);;73b195;2;47ab8;
(A);;7344e4;20;7343e4;
(S);;73c025;1216;
s_hee_AdcDataSectionHeader;0;;1b2a18;
v_hee_BatteryVoltageCoefAuxadc;64;;47ae0;
v_hee_BatteryVoltageOffsetAuxadc;96;;47b2c;
v_hee_BatteryVoltageCoefGpadc;128;;47ae0;
v_hee_BatteryVoltageOffsetGpadc;160;;47b2c;
v_hee_TempGain;192;;47ae0;
v_hee_TempCoef1;224;;47b2c;
v_hee_TempCoef2;256;;47b2c;
v_hee_TempCoef3;288;;47b2c;
v_hee_TempConstant1;320;;47b2c;
v_hee_TempConstant2;352;;47b2c;
v_hee_TempConstant3;384;;47b2c;
v_hee_TemperatureLsbHigh;416;;47ae0;
v_hee_TemperatureLsbLow;448;;47ae0;
v_hee_ChargeCurrentCoef;480;;47ae0;
v_hee_ChargeCurrentOffset;512;;47b2c;
v_hee_AudioCoef;544;;47ae0;
v_hee_AudioOffset;576;;47b2c;
v_hee_TempOffset;608;;47b2c;
v_hee_TempCalProd;640;;47ae0;
v_hee_TempOffsetTemp;672;;47b2c;
v_hee_TempGainTemp;704;;47b2c;
v_hee_ADC2_TempGain;736;;47ae0;
v_hee_ADC2_TempOffset;768;;47b2c;
v_hee_ADC2_TempCoef1;800;;47b2c;
v_hee_ADC2_TempCoef2;832;;47b2c;
v_hee_ADC2_TempCoef3;864;;47b2c;
v_hee_ADC2_TempConstant1;896;;47b2c;
v_hee_ADC2_TempConstant2;928;;47b2c;
v_hee_ADC2_TempConstant3;960;;47b2c;
v_hee_ADC2_TemperatureLsbHigh;992;;47ae0;
v_hee_ADC2_TemperatureLsbLow;1024;;47ae0;
v_hee_TempImpedance1;1056;;47ae0;
v_hee_TempImpedance2;1088;;47ae0;
v_hee_TempGradDuetoPcb;1120;;47ae0;
v_hee_VAna;1152;;47ae0;
v_hee_RAna;1184;;47ae0;
(A);;7335c6;3;7331ac;
(A);;ab8d0;12;70261;
(T);s8;47afd;47b08;
(A);;73871e;28;47ab8;
(T);t_hee_VirginSpecialSection;7341a3;733dd8;
(A);;4a506;10;47b17;
(T);t_hee_DataBitFields1;7328b2;732688;
(S);;737e26;32;
v_hee_CurrentPolyMelFileId;16;32;X16;
v_hee_CurrentPolyMelVolume;12;32;X4;
v_hee_Padding;1;32;X11;
v_hee_TraceInCircularBuffer;0;32;X1;
(T);s_hee_MelodyParam;73af7d;73af64;
(S);;1b31da;20032;
a_hwlsyn_XtalEstimation;0;;1b31e0;
v_Temp_Meas_Error;20016;;47b17;
(A);;73c8af;4;73c8a3;
(A);;734bb8;2;47ab8;
(A);;73a76a;6;47ab8;
(T);t_hwlaud_Dses;4b22f;4b1c5;
(S);;739dfd;2304;
s_hee_SavSectionHeader;0;;1b2a18;
v_hee_ReturnNumber;64;;47ab8;
v_GAP_SavParam;72;;739e3f;
v_hee_Return_1;96;;739afd;
v_hee_Return_2;320;;739afd;
v_hee_IMEI;544;;739b81;
v_hee_12NC;736;;739e9f;
v_hee_UnpackingFlag;784;;47ab8;
v_hee_BadCharger;792;;47ab8;
s_hee_Repair;800;;739c11;
s_hee_downloading;864;;739cbc;
v_hee_Empty;928;;739f21;
s_SavL1cNbDecPagingBurst;960;;739d5f;
s_SavL1cNbPclTxCounters;1088;;739ddd;
(T);t_hwlaud_DynNG;4b3b4;4b245;
(T);t_hee_WapEncryptedDataParam;732354;732321;
(T);t_hee_Msisdn;7386e8;73866f;
(S);;739b93;64;
v_hee_Location;0;;47ac2;
v_hee_Index;16;;47ac2;
v_hee_Year;32;;47ab8;
v_hee_Week;40;;47ab8;
v_GAP_SavRepair;48;;739bed;
(T);u16;47ac2;47ace;
(T);t_ant_NitzFullName;7331f3;7331a7;
(A);;73a0aa;520;47ab8;
(A);;72d883;4;72d83b;
(T);st_SavRepair;739c11;739b93;
(S);;1b32c4;32;
v_RefOnReg;0;;47ab8;
dummy;8;;1b32dd;
(A);;72f377;3;47ab8;
(B);;47aa7;8;U;
(A);;73b29e;12;47ab8;
(T);t_hee_Accessories;738968;7387db;
(A);;73ca37;2;47ab8;
(S);;734e47;2240;
v_sectionHeader;0;;1b2a18;
s_hee_Production;64;;734e30;
(A);;732f3e;64;47ab8;
(S);;734517;160;
v_hee_BandIndList;0;;73451c;
(S);;ab1cd;48;
txVrampCorrFctOfTemp;0;;ab1d2;
txVrampThresholdTemp;32;;ab1fa;
(A);;4b151;10;47ac2;
(S);;4b421;1488;
v_ConfigDnControl;0;;47b17;
v_CodecDnControl;16;;47b17;
v_CodecDnGain;32;;47b17;
v_CodecSdtGainOffset;48;;47b17;
v_PcmControl;64;;47ac2;
v_DlGain;80;;47ac2;
v_AuVolume;96;;47b17;
v_DlTau;112;;47b17;
v_AuDlFacGain;128;;47b17;
s_RxFirFilter;144;;4b0bc;
a_RxIirfilter;672;;4b0e5;
v_PkLimit;832;;47b17;
v_PkRecovery;848;;47b17;
v_PkPostGain;864;;47b17;
v_VcPostGain;880;;47b17;
v_VcLimiterThr;896;;47b17;
v_VcCompThr;912;;47b17;
v_VcGateThr;928;;47b17;
v_VcCompIndex;944;;47ac2;
v_AngAttenRise;960;;47ac2;
v_AngAttenFall;976;;47ac2;
v_AngAttenMinGain;992;;47ac2;
v_AngFastTauRise;1008;;47ac2;
v_AngFastTauFall;1024;;47ac2;
v_AngSlowTauRise;1040;;47ac2;
v_AngSlowTauFall;1056;;47ac2;
v_AngVadOffset;1072;;47ac2;
v_AngVadSoftRelease;1088;;47ac2;
v_AngCnGain;1104;;47ac2;
v_FmEnhancerFeedback1;1120;;47ac2;
v_FmEnhancerFeedForward1;1136;;47ac2;
v_FmEnhancerFeedback2;1152;;47ac2;
v_FmDriveCoef;1168;;47ac2;
v_FmWet;1184;;47ac2;
v_FmDry;1200;;47ac2;
v_FmBoostThreshold;1216;;47ac2;
v_FmBoostAmount_H;1232;;47ac2;
v_FmBoostAmount_L;1248;;47ac2;
v_FmBoostLimit;1264;;47ac2;
v_FmMinLimitCycle;1280;;47ac2;
v_FmMixGain1;1296;;47ac2;
v_FmMixGain2;1312;;47ac2;
v_FmMixGain3;1328;;47ac2;
v_DlHarmonizerAlpha;1344;;47ac2;
v_DlHarmonizerAlphaMidi;1360;;47ac2;
v_dlNsAlpha;1376;;47b17;
v_dlNsLn;1392;;47b17;
v_dlNsK;1408;;47b17;
v_dlNsTauR;1424;;47b17;
v_dlNsTauD;1440;;47b17;
v_dlNsLamda;1456;;47b17;
v_dlNsTauF;1472;;47b17;
(A);;733842;12;47ab8;
(A);;734c5a;3;47ab8;
(S);;73a0ef;4384;
s_hee_BtFactorySectionHeader;0;;1b2a18;
s_hee_Factory;64;;73a0db;
(A);;731ee4;2;47ab8;
(A);;734b57;10;47ab8;
(S);;73389f;1952;
a_hee_atp_PDPContext;0;;7338a5;
v_hee_DefaultPDPCtxt;1920;;47ab8;
v_GAP_PDPContexts;1928;;7338ea;
(A);;731e46;14;47ab8;
(T);t_hee_nitz_information;738c13;738bc4;
(A);;7384cf;12;47ab8;
(A);;ab8f2;6;70261;
(S);;4b3cb;48;
v_speed;0;;47ac2;
v_timeout;16;;47ac2;
v_threshold;32;;47ac2;
(T);t_hee_EquivalentPlmnList;734422;7343f6;
(T);s_hee_SetupParam;737323;73730a;
(A);;738a2c;15;47ab8;
(S);;73669a;192;
v_CallCtrlRedial;31;32;X1;
v_AlphaUssdInCc;30;32;X1;
v_TimerExpiration;29;32;X1;
v_9exxResponse;28;32;X1;
v_MenuSelection;27;32;X1;
v_CbDownload;26;32;X1;
v_PpDownload;25;32;X1;
v_ProfileDownload;24;32;X1;
v_ExtensionText;23;32;X1;
v_Ucs2Display;22;32;X1;
v_Ucs2Entry;21;32;X1;
v_AlphaIdInCc;20;32;X1;
v_MoSmControl;19;32;X1;
v_CellIdInCc;18;32;X1;
v_CallControl;17;32;X1;
v_CommandResult;16;32;X1;
v_Refresh;15;32;X1;
v_PollingOff;14;32;X1;
v_Pollinterval;13;32;X1;
v_PlayTone;12;32;X1;
v_MoreTime;11;32;X1;
v_GetInput;10;32;X1;
v_GetInkey;9;32;X1;
v_DisplayText;8;32;X1;
v_PLINmr;7;32;X1;
v_ProvLocalInfo;6;32;X1;
v_SetupMenu;5;32;X1;
v_SetupCall;4;32;X1;
v_SendUssd;3;32;X1;
v_SendSs;2;32;X1;
v_SendSms;1;32;X1;
v_SelectItem;0;32;X1;
v_EvCardReaderStatus;31;32;X1;
v_EvIdleAvailable;30;32;X1;
v_EvUserActivity;29;32;X1;
v_EvLocationStatus;28;32;X1;
v_EvCallDisconnected;27;32;X1;
v_EvCallConnected;26;32;X1;
v_EvMtCall;25;32;X1;
v_SetupEventList;24;32;X1;
v_RfuByte6;20;32;X4;
v_EvChannelStatus;19;32;X1;
v_EvDataAvailable;18;32;X1;
v_EvBrowserTermination;17;32;X1;
v_EvLanguageSelection;16;32;X1;
v_RfuByte7;13;32;X3;
v_GetReaderIdentifier;12;32;X1;
v_GetReaderStatus;11;32;X1;
v_PerformCardApdu;10;32;X1;
v_PowerOffCard;9;32;X1;
v_PowerOnCard;8;32;X1;
v_2ndCcpInCc;7;32;X1;
v_2ndAlphaIdInSetupCall;6;32;X1;
v_RunAtCommand;5;32;X1;
v_SetupIdleModeText;4;32;X1;
v_BinaryChoiceInGetInkey;3;32;X1;
v_PLIDateAndTime;2;32;X1;
v_TimerMngtCurrentValue;1;32;X1;
v_TimerMngtStartStop;0;32;X1;
v_ProvideLocalInfo;31;32;X1;
v_LaunchBrowser;30;32;X1;
v_LanguageNotification;29;32;X1;
v_ProvideLocalInfoTimingAdvance;28;32;X1;
v_ProvideLocalInfoLanguage;27;32;X1;
v_PLIBcch;26;32;X1;
v_SendDtmfCmd;25;32;X1;
v_SustainedDisplayText;24;32;X1;
v_RfuByte10;16;32;X8;
v_RfuByte11;8;32;X8;
v_RfuByte12;5;32;X3;
v_ChannelStatus;4;32;X1;
v_SendData;3;32;X1;
v_ReceiveData;2;32;X1;
v_CloseChannel;1;32;X1;
v_OpenChannel;0;32;X1;
v_NbChannels;29;32;X3;
v_RfuByte13;26;32;X3;
v_GprsBearer;25;32;X1;
v_CsdBearer;24;32;X1;
v_ScreenSizing;23;32;X1;
v_RfuByte14;21;32;X2;
v_NbCharDown;16;32;X5;
v_SizeFont;15;32;X1;
v_NbCharAcross;8;32;X7;
v_WidthReduction;5;32;X3;
v_RfuByte16;3;32;X2;
v_TextScrolling;2;32;X1;
v_TextWrapping;1;32;X1;
v_ResizeDisplay;0;32;X1;
v_RfuByte17;27;32;X5;
v_TCPSupportedInServerMode;26;32;X1;
v_UDPSupported;25;32;X1;
v_TCPSupported;24;32;X1;
v_RfuByte18;16;32;X8;
v_RfuByte19;8;32;X8;
v_RfuByte20;0;32;X8;
v_RfuByte21;24;32;X8;
v_RfuByte22;17;32;X7;
v_UTRANSupported;16;32;X1;
v_RfuByte23;8;32;X8;
v_RfuByte24;0;32;X8;
(A);;ab5e1;4;ab0fc;
(A);;7319cd;3;47ab8;
(A);;72f3dd;8;47ab8;
(A);;734b37;3;47ab8;
(T);t_hee_MsPowerInf;73435e;734274;
(A);;7383bc;1;47ab8;
(A);;739e3f;3;47ab8;
(S);;7345dc;32;
v_hee_A5_1_support;7;8;X1;
v_hee_A5_2_support;6;8;X1;
v_hee_A5_3_support;5;8;X1;
v_hee_A5_4_support;4;8;X1;
v_hee_A5_5_support;3;8;X1;
v_hee_A5_6_support;2;8;X1;
v_hee_A5_7_support;1;8;X1;
v_hee_NotUsed;0;8;X1;
v_GAP;8;;7346d4;
(S);;73489c;32;
v_hee_MinRxLevForHandOut;0;;47ab8;
v_GAP2;8;;7348c3;
(S);;73718b;704;
s_hee_SetupLanguages;0;;735562;
s_hee_Features;32;;73593b;
s_hee_Features1;64;;735d3b;
s_hee_FeaturesGPRS1;96;;735ed5;
s_hee_FeaturesGPRS2;128;;736369;
a_hee_TATSimStringAD;288;;73720f;
s_hee_StkTerminalProfile;384;;73716a;
s_hee_CodecPriorityStr;576;;73646a;
s_hee_Features2;608;;7365e7;
s_hee_Features3;640;;736646;
s_hee_Features4;672;;736682;
(S);;731745;576;
s_hee_AddrSectionHeader;0;;1b2a18;
a_hee_ConvSectionTable;64;;73176b;
(S);;738317;32;
v_UartDataFormat;24;32;X8;
v_ICF_Format;16;32;X8;
v_ICF_Parity;8;32;X8;
v_RFU;0;32;X8;
(T);t_hee_ImeiParam;72f422;72f351;
(A);;ab1fa;2;7020b;
(A);;4a8fc;10;47b17;
(A);;739f21;4;47ab8;
(S);;ab251;48;
txVrampCorrFctOfVBat;0;;ab256;
txVrampThresholdVBat;32;;ab27e;
(A);;73357d;3;7331ac;
(T);t_atp_EepromProfile;73352b;733498;
(A);;73451c;20;47ab8;
(S);;73a50e;32;
s_hwlgpm;0;;1b32b0;
(A);;4a840;10;47b17;
(A);;4a5f7;7;47b17;
(A);;ab27e;2;701ec;
(A);;ab752;4;701ec;
(S);;73201f;32;
v_RFU4;24;32;X8;
v_RFU3;16;32;X8;
v_RFU2;8;32;X8;
v_RFU1;5;32;X3;
v_hee_GPRSActivated;4;32;X1;
v_hee_GPRS_IncomCall;3;32;X1;
v_hee_GPRS_SMS;1;32;X2;
v_hee_GPRSAttach;0;32;X1;
(T);stBblRfNvramRssiTempParam;ab0fc;ab0ac;
(T);t_hee_LED_sparktime;733dbd;733d90;
(T);t_hee_CodecPriorityStr;73646a;736385;
(A);;734c3a;2;47ab8;
(T);t_hee_StkTerminalProfile;73716a;73669a;
(A);;738b8f;13;47ab8;
(T);t_hwlaud_TxFilter;4b10e;4b102;
(S);;acb71;8240;
version;0;;70228;
switchLevel;16;;acb88;
clkArfcn;48;;acba7;
(A);;ab4c0;4;701ec;
(A);;73ac3a;8;47ab8;
(A);;7384b2;12;47ab8;
(B);;70237;16;U;
(S);;73abe7;128;
v_hee_12Nc_Tranceiver;0;;73abec;
v_hee_CC_Location;48;;73ac15;
v_hee_SpareL79;64;;73ac3a;
(A);;739b5d;8;47ab8;
(A);;734d0d;2;47ab8;
(S);;738982;960;
a_hee_Record1;0;;738987;
a_hee_Record2;120;;7389a8;
a_hee_Record3;240;;7389c9;
a_hee_Record4;360;;7389ea;
a_hee_Record5;480;;738a0b;
a_hee_Record6;600;;738a2c;
a_hee_Record7;720;;738a4d;
a_hee_Record8;840;;738a6e;
(S);;733a96;4992;
s_hee_DataSectionHeader;0;;1b2a18;
s_hee_DateTime1;64;;733a7f;
s_hee_DateTime2;128;;733a7f;
s_hee_DateTime3;192;;733a7f;
s_hee_DateTime4;256;;733a7f;
s_hee_DateTime5;320;;733a7f;
s_hee_CmuxSettings;384;;7339e6;
s_atp_Context;448;;7333c3;
s_atp_CurrentProfile;736;;733475;
s_atp_Profile0;832;;73352b;
s_atp_Profile1;928;;73352b;
s_atp_SmsSettingsCurrentProfile;1024;;733819;
s_atp_SmsSettingsProfile0;1344;;73387b;
s_atp_SmsSettingsProfile1;1664;;73387b;
s_hee_atp_PDPContexts;1984;;733911;
v_CR11;3936;;47ab8;
v_GAP_End;3944;;733c42;
v_ant_NitzFullName;3968;;7331f3;
v_ant_NitzShortName;4480;;733252;
(A);;73a064;3;47ab8;
(A);;4a812;10;47b17;
(T);t_hee_ClkDateTime;7385cb;738536;
(A);;739bed;2;47ab8;
(A);;ab628;4;70261;
(A);;4abfb;6;47b17;
(S);;7331a7;512;
a_text;0;;7331b4;
v_NitzMcc;480;;47ac2;
v_NitzMnc;496;;47ac2;
(A);;ab1d2;2;70228;
(A);;4a62c;6;47b17;
(S);;738459;160;
a_hee_CBMIR;0;;73845e;
(T);t_hee_SectionIndex;1b291f;1b247b;
(A);;734d92;4;47ab8;
(T);t_hau_DspRxOrgan;60dea;60db7;
(A);;7395c4;5;47ab8;
(T);s_hee_BatParam;73cac7;73caad;
(A);;ab068;8;70228;
(A);;7345a3;3;47ab8;
(T);t_hee_HotKeyParam;73b318;73b23e;
(A);;738702;28;47ab8;
(A);;72d8a2;3;72d83b;
(T);t_hwlgpm_Band;1b32b0;1b3292;
(T);t_hee_Melody;73af13;73ae45;
(A);;739e9f;6;47ab8;
(A);;732123;4;47ab8;
(T);t_hee_SPCENSection;739868;739801;
(T);s_hee_SpeechParam;739769;739751;
(T);t_hwlaud_RxFirFilter;4b0bc;4b08d;
(T);Uint32;70261;70270;
(T);t_atp_EepromCurrentProfile;733475;7333e2;
(T);s_hee_GprsStackParam;731f7a;731f5d;
(T);s_hee_VirginSpecialSection;7341c6;7341a3;
(T);Sint16;70249;70258;
(T);t_hee_BtSettingParam;73a44e;73a40b;
(S);;73448a;576;
v_hee_BitMap;0;;73448f;
v_GAP;560;;7344af;
(T);st_bbl_nvram_clkArfcn;acbc5;acb71;
(T);t_atp_TimeInfo;733714;7336ec;
(A);;73b2ef;12;47ae0;
(A);;ab9ba;40;70228;
(T);t_hee_MultiImsi;72d8d3;72d850;
(T);t_hee_GprsStackParam;731f5d;731f1a;
(A);;60f25;5;60e1e;
(A);;738ff0;2;73851d;
(T);t_OperationType;475c6;47ac2;
(S);;4b08d;528;
v_FilterTapNb;0;;47b17;
a_RxFilter;16;;4b073;
(A);;72f3fc;16;47ab8;
(T);t_hee_DateTime;733a7f;733a01;
(T);t_atp_EepSmsSetTextmodeParameters;7337b1;73372b;
(A);;7340bb;18;733d73;
(T);t_ProcessName;475af;47ab8;
(T);t_hwlaud_RxIirFilter;4b0e5;4b0d9;
(T);stBblRfNvramTxTimingsParam;ab35c;ab32f;
(A);;739d86;18;47ae0;
(A);;73a388;10;73a2f2;
(T);t_hee_SavParam;739f81;739dfd;
(S);;73996d;224;
v_hee_SavArriveDate;0;;73995f;
v_hee_AnomalyCustomer;32;;73998d;
v_hee_SavRow;64;;47ab8;
v_GAP_SavReturn;72;;7399cc;
v_hee_CollectCenter;80;;47ac2;
v_hee_SavDepartDate;96;;73995f;
v_hee_RealAnomaly;128;;739a27;
v_hee_ChangedComponent_1;160;;739a4c;
v_hee_ChangedComponent_2;176;;739a78;
v_hee_ChangedComponent_3;192;;739aa4;
v_hee_ChangedComponent_4;208;;739ad0;
(S);;73a587;39424;
s_hee_RadioSectionHeader;0;;1b2a18;
s_bbl_nvram_rf;64;;ab98b;
s_bbl_nvram_dsp;8544;;aba06;
s_bbl_nvram_clkArfcn;10992;;acbc5;
s_Generic;19232;;73a54b;
s_Gsm900;19264;;73a526;
s_Gsm850;19296;;73a526;
s_Dcs1800;19328;;73a526;
s_Pcs1900;19360;;73a526;
s_Xtal;19392;;73a579;
(S);;734274;32;
v_hee_ClassGsmP;28;32;X4;
v_hee_ClassGsmE;24;32;X4;
v_hee_ClassGsm1800;20;32;X4;
v_hee_ClassGsm1900;16;32;X4;
v_hee_ClassGsm450;12;32;X4;
v_hee_ClassGsm480;8;32;X4;
v_hee_ClassGsm850;4;32;X4;
NotUsed;0;32;X4;
(S);;73866f;896;
a_hee_L1;0;;738674;
a_hee_L2;224;;738690;
a_hee_fax;448;;7386ac;
a_hee_data;672;;7386c9;
(S);;732ced;64;
v_ToneDuration;18;32;X14;
v_CNAP_n;17;32;X1;
v_DTR_Sleep_Forbidden;15;32;X2;
v_CsnsMode;12;32;X3;
v_CMMSMode;10;32;X2;
v_AlarmIndex;7;32;X3;
v_RI_Shape;6;8;X1;
v_RI_Mask;0;8;X6;
v_PSPNNU_Mode;31;32;X1;
v_Dummyu32;28;32;X3;
(A);;ab5a6;4;ab59a;
(S);;734375;32;
v_hee_PlmnMcc1;24;32;X8;
v_hee_PlmnMcc2;16;32;X8;
v_hee_PlmnMnc;8;32;X8;
v_hee_Dummy1;0;32;X8;
(A);;7343fb;6;7343e4;
(A);;733213;60;7331ac;
(S);;73ac77;128;
v_hee_SAV_Tester_Number;0;;73ac7c;
v_hee_PA_Type;16;;47ab8;
v_hee_SpareL7A;24;;73acbe;
(T);t_hee_FmSetting;731b01;731aa0;
(A);;733594;3;7331ac;
(A);;739aa4;2;47ab8;
(A);;7389ea;15;47ab8;
(T);t_hwlaud_DspRxCfg;4b90f;4b421;
(T);t_hee_AddrParam;731795;731745;
(S);;73ae45;1984;
a_hee_UserMelody;0;;73ae4b;
a_hee_OperatorMelody;800;;73ae6e;
a_hee_OperatorName;1856;;73ae95;
v_hee_UserMelody;1960;;47ab8;
v_hee_OperatorMelody;1968;;47ab8;
v_hee_MelodyIndex;1976;;47ab8;
(S);;738aa3;832;
a_hee_Record1;0;;738aa8;
a_hee_Record2;104;;738ac9;
a_hee_Record3;208;;738aea;
a_hee_Record4;312;;738b0b;
a_hee_Record5;416;;738b2c;
a_hee_Record6;520;;738b4d;
a_hee_Record7;624;;738b6e;
a_hee_Record8;728;;738b8f;
(S);;4b1c5;80;
v_g1;0;;47ac2;
v_g2;16;;47ac2;
v_offset;32;;47ac2;
v_TauModulatoionR;48;;47ac2;
v_TauModulatoionD;64;;47ac2;
(A);;738427;16;47ac2;
(T);t_hee_Trace;73522d;735145;
(S);;739728;64;
s_hee_SpeechSectionHeader;0;;1b2a18;
(S);;735094;64;
v_Process;0;;475af;
v_Instance;8;;47594;
v_AllInstance;16;;47ab8;
v_MaxLengthSpecified;24;;47ab8;
v_MaxOutputLength;32;;47ab8;
v_Empty;40;;735110;
(A);;738aa8;13;47ab8;
(T);stBblRfNvramTxVrampCorrectionParam;ab1a3;ab11d;
(A);;ab730;4;ab2a7;
(T);t_hee_Setting;73961d;738c32;
(S);;73cb59;42400;
s_HeeAudioSectionHeader;0;;1b2a18;
s_HeeAudioSectionParam;64;;60f87;
(A);;ab6d2;4;ab6c6;
(A);;73a216;65;47ab8;
(T);s_hee_ProductionParam;734e9c;734e7f;
(T);s_hee_HotKeyParam;73b332;73b318;
(T);s_hee_AudioParam;73cbb8;73cba1;
(A);;732f1a;1;47ab8;
(A);;4a52a;10;47b17;
(S);;733658;192;
v_NbMinutes;0;;47ab8;
v_NbHours;8;;47ab8;
v_NbDays;16;;47ab8;
v_NbWeeks;24;;47ab8;
v_Gap_RelativeTime;32;;7336aa;
(S);;731db4;448;
s_hee_UserFeatures;0;;731d10;
v_hee_SupportedFeature;32;;47ae0;
v_hee_PtrFctInit;64;;47ae0;
v_hee_ParamFctInit;96;;47ac2;
a_hee_GKC;112;;731e29;
a_hee_Gloci;184;;731e46;
v_hee_MaxUsed;296;;47ab8;
v_hee_HighLimit;304;;47ab8;
v_hee_LowLimit;312;;47ab8;
s_hee_CellLock;320;;731d9d;
v_hee_LatestServingCell;416;;47ac2;
v_GAP_END;432;;731ee4;
(A);;738674;28;47ab8;
(A);;73aa74;6;47ab8;
(T);t_Xtal;73a579;73a55b;
(A);;7386ac;28;47ab8;
(A);;731aa5;10;47ac2;
(A);;ab9ed;30;70228;
(A);;4a770;10;47b17;
(S);;73a961;128;
v_hee_FA_Test_Status;0;;47ab8;
v_hee_FA_Tester_Number;8;;47ab8;
v_hee_FA_Module_Number;16;;47ab8;
v_hee_FA_Test_Day;24;;47ab8;
v_hee_FA_Test_Year;32;;47ac2;
v_hee_FA_Test_Month;48;;47ab8;
v_hee_FA_PCB_Number_Test;56;;47ab8;
v_hee_FA_Test_Hour;64;;47ab8;
v_hee_FA_Test_minute;72;;47ab8;
v_hee_SpareL77;80;;73aa74;
(T);t_hee_Emergency_number;733d73;733d48;
(S);;73a311;8288;
a_hee_Nickname;0;;73a317;
v_hee_SapPinAsked;520;;47ab8;
v_GAP_stg;528;;73a354;
v_hee_HidRole;536;;47ab8;
a_hee_DeviceInformation;544;;73a388;
v_hee_ProfileList;8224;;47ae0;
v_hee_AccessoryBufferDelay;8256;;47ae0;
(B);;70258;16;S;
(T);s_hee_AdcDataParam;73c4c3;73c4a9;
(A);;738b6e;13;47ab8;
(A);;73926b;8;47ab8;
(S);;73839d;32;
v_NbDcsInDcsList;0;;47ab8;
a_DcsList;8;;7383bc;
v_SmscbActiveList;16;;47ab8;
v_SmscbReserved;24;;47ab8;
(A);;7337e0;12;47ab8;
(S);;73991d;32;
v_hee_day;0;;47ab8;
v_hee_month;8;;47ab8;
v_hee_year;16;;47ac2;
(A);;738a4d;15;47ab8;
(A);;739535;6;47ab8;
(A);;60f44;7;60dea;
(A);;734126;3;733dbd;
(T);t_hee_MTX_oam_Section;73a944;73a7cf;
(S);;73b171;32;
s_hee_HotKeysBitfield;0;;47ac2;
v_GAP_HotKeysBitfield;16;;73b195;
(S);;738536;64;
v_hee_Year;0;;47ac2;
v_hee_Month;16;;47ab8;
v_hee_Date;24;;47ab8;
v_hee_Day;32;;47ab8;
v_hee_Hour;40;;47ab8;
v_hee_Minute;48;;47ab8;
v_hee_dummy;56;;47ab8;
(A);;4abd7;6;47b17;
(A);;ab6f0;4;ab1a3;
(T);t_hee_MinMax;72d83b;72d7f3;
(T);t_hee_GEAAlgoSupport;73482c;734713;
(A);;734db3;100;47ab8;
(A);;73a354;1;47ab8;
(T);t_hee_IpStackParam;7319e7;731845;
(S);;732218;288;
s_hee_GprsAppliSectionHeader;0;;1b2a18;
s_hee_GprsAppli;64;;732201;
(T);t_hee_Features2;7365e7;736489;
(S);;73455b;832;
v_hee_PlmnList;0;;734501;
v_hee_BandIndList;640;;734542;
v_hee_Next;800;;47ab8;
v_GAP1;808;;7345a3;
(A);;734173;1024;47ab8;
(S);;73a40b;8352;
s_hee_BtSettingsSectionHeader;0;;1b2a18;
s_hee_Setting;64;;73a3f3;
(T);t_hee_HotKeysBitfield;73b1be;73b171;
(S);;735145;1856;
s_hee_Header;0;;734fb9;
a_hee_SaveTCTList;64;;73515f;
a_hee_SaveTCTAppl;704;;735182;
v_hee_TraceInitEeprom;1024;;47ab8;
v_hee_TraceRealTime;1032;;47ab8;
a_hee_ProcessSelectArray;1040;;7351e3;
v_Empty;1840;;735210;
(S);;737898;32;
v_DaylightSavingTime;30;32;X2;
v_hee_SmsImmediateDisplay;29;32;X1;
v_hee_CallForwarded;25;32;X4;
v_hee_ShowLastCall;24;32;X1;
v_hee_ShowDuringCall;22;32;X2;
v_hee_MediumSelectionForSynchro;20;32;X2;
v_hee_MediumSelection;19;32;X1;
v_hee_DayLightSavingsSelection;18;32;X1;
v_hee_TimeZoneSelection;17;32;X1;
v_hee_DayLightSavings;16;32;X1;
v_hee_HandsfreeVolume;8;32;X8;
v_hee_NewSmscb;7;32;X1;
v_hee_MemoUnread;6;32;X1;
v_hee_ThaiCalendar;5;32;X1;
v_hee_ENSFeature;4;32;X1;
v_hee_ConnectedOnce;3;32;X1;
v_hee_EscalatingRunning;2;32;X1;
v_hee_ClirSubscription;1;32;X1;
v_hee_TestSTK;0;32;X1;
(A);;4a796;10;47b17;
(A);;4a86e;10;47b17;
(T);st_SavReturn;739afd;73996d;
(A);;738ac9;13;47ab8;
(A);;4ac1f;6;47b17;
(S);;732e07;640;
v_hee_PDPCtxtCid;14;16;X2;
v_hee_PDPCtxtLocked;13;16;X1;
v_hee_PDPCtxtDefined;12;16;X1;
v_hee_PDPCtxtQosPrecedence;10;16;X2;
v_hee_PDPCtxtQosDelay;7;16;X3;
v_hee_PDPCtxtQosReliability;4;16;X3;
v_hee_PDPCtxtQosPeak;0;16;X4;
v_hee_PDPCtxtQosMean;16;;47ab8;
v_GAP_PDPContext;24;;732f1a;
a_hee_PDPCtxtApn;32;;732f3e;
a_hee_PDPCtxtAddress;544;;732f62;
v_hee_PDPCtxtQosTrafficClass;29;32;X3;
v_hee_PDPCtxtQosDeliveryOrder;27;32;X2;
v_hee_PDPCtxtQosDeliveryErrSDU;24;32;X3;
v_hee_PDPCtxtQosMaxSDUSize;16;32;X8;
v_hee_PDPCtxtQosMaxULBitRate;8;32;X8;
v_hee_PDPCtxtQosMaxDLBitRate;0;32;X8;
v_hee_PDPCtxtQosResidualBER;28;32;X4;
v_hee_PDPCtxtQosSDUErrorRatio;24;32;X4;
v_hee_PDPCtxtQosTransferDelay;18;32;X6;
v_hee_PDPCtxtQosTrafficHandling;16;32;X2;
v_hee_PDPCtxtQosGuaranteedULBitRate;8;32;X8;
v_hee_PDPCtxtQosGuaranteedDLBitRate;0;32;X8;
(T);t_hee_Features3;736646;7365ff;
(A);;7393c7;23;73921f;
(A);;734d53;8;47ab8;
(T);t_keyTable;73b071;73b015;
(T);t_hee_EepromBaseBand;73a664;73a587;
(S);;72d76d;96;
a_Value;0;;72d772;
v_Status;64;;47ab8;
v_Location;72;;47ab8;
v_Counter;80;;47ab8;
v_MaxCounter;88;;47ab8;
(T);t_hwlaud_EcIcc;4b40a;4b3cb;
(A);;7348c3;3;47ab8;
(T);t_hee_OamParam;73adc2;73acfb;
(T);s_hee_EepromBaseBand;73a6c5;73a664;
(S);;738c32;10336;
s_hee_SettingsBitFields;0;;7375de;
s_hee_SettingsBitFields1;32;;737877;
s_hee_SettingsBitFields2;64;;737b1b;
s_hee_SettingsBitFields3;96;;737ce9;
s_hee_SettingsBitFields4;128;;737e05;
s_hee_SettingsBitFields5;160;;737ebc;
s_hee_QuickSettingsBitFields;192;;7380dc;
s_hee_AccesoriesBitFields;224;;738269;
s_hee_DriverBitFields;256;;7382fa;
v_hee_TotalIcomTimerL1;288;;47ae0;
v_hee_TotalIcomTimerL2;320;;47ae0;
v_hee_TotalOutgTimerL1;352;;47ae0;
v_hee_TotalOutgTimerL2;384;;47ae0;
v_hee_TotalCallTimerL1;416;;47ae0;
v_hee_TotalCallTimerL2;448;;47ae0;
v_hee_LastCallTimeL1;480;;47ae0;
v_hee_LastCallTimeL2;512;;47ae0;
v_hee_LastCallCostL1;544;;47ae0;
v_hee_LastCallCostL2;576;;47ae0;
v_hee_EuroConversionCurrency;608;;47ae0;
v_hee_SecureClock_S1;640;;47ae0;
v_hee_SecureClock_S2;672;;47ae0;
v_hee_SecureClkCorruptCnt;704;;47ae0;
v_hee_Clock_Save;736;;7385cb;
v_hee_ClkDelta_Save;800;;738658;
s_hee_CBMIR;864;;73847e;
s_hee_CBMI;1024;;738446;
v_hee_CBMILC;1280;;47ac2;
v_hee_CBMILC_PAD;1296;;47ac2;
s_hee_Msisdn;1312;;7386e8;
s_hee_Mboxn;2208;;738776;
s_hee_CcpE;3104;;738a90;
s_hee_ExtE;4064;;738bb1;
a_hee_Smsp;4896;;738ff0;
s_hee_Smscb;5344;;73840e;
a_hee_FilterSMSCB;5376;;739021;
s_hee_Accessories;6912;;738968;
v_hee_CugCurrentIndex;7200;;47ac2;
a_hee_CugIndex;7216;;73907f;
v_hee_MCC;7536;;47ac2;
v_hee_MNC;7552;;47ac2;
v_hee_District;7568;;47ac2;
v_hee_CFU;7584;;47ac2;
v_hee_VMWI;7600;;47ac2;
v_hee_MaxCountEscalatingTimer;7616;;47ac2;
v_hee_ConcatMsgReference;7632;;47ac2;
v_hee_FirstDayOfWeek;7648;;47ab8;
v_hee_FirstWeekOfYear;7656;;47ab8;
v_hee_ValidityPeriodeUnit;7664;;47ab8;
v_hee_ValidityPeriodeValue;7672;;47ab8;
v_hee_QuickSettingsIndex;7680;;47ab8;
v_hee_CugNbOfIndex;7688;;47ab8;
a_hee_Signature;7696;;739227;
v_hee_SmartTimeOutValue;8280;;47ab8;
a_hee_IMSI;8288;;73926b;
v_hee_MessageReference;8352;;47ab8;
v_hee_ImsiLength;8360;;47ab8;
v_hee_DefaultLanguage;8368;;47ab8;
a_hee_VoiceMailNb;8376;;7392e6;
v_hee_CRTP_SleepMode;8568;;47ab8;
v_hee_MaxMcPerMi;8576;;47ab8;
v_hee_DefaultPollingSTK;8584;;47ab8;
v_hee_CFU_VMI;8592;;47ab8;
v_hee_TimeZone;8600;;47ab8;
v_hee_DST;8608;;47ab8;
v_hee_Equalizer;8616;;47ab8;
a_hee_WelcomeMessage;8624;;7393c7;
a_hee_GoodbyeMessage;8808;;7393ee;
a_hee_Eotd_MLC_source;8992;;739415;
a_hee_Eotd_MLC_destination;9168;;73943f;
v_hee_CountEscalatingTimer;9344;;47ab8;
v_hee_BackupBatChargeCounter;9352;;47ab8;
v_hee_uart1_tx_setting;9360;;47ab8;
v_hee_dummy1;9368;;47ab8;
s_hee_nitz_information;9376;;738c13;
a_hee_AlarmTime;9888;;739511;
a_hee_Alarm2Time;9936;;739535;
a_hee_AlarmDate;9984;;73955a;
a_hee_Alarm2Date;10104;;73957e;
v_hee_USBProfileConfig;10224;;47ab8;
dummy;10232;;7395c4;
v_hee_USBActiveProfile;10272;;47ae0;
s_hee_UartDataFormat;10304;;73837e;
(A);;ab778;4;ab35c;
(A);;ab6c6;16;70228;
(A);;ab70e;4;ab223;
(S);;737edd;32;
v_RFU1;24;32;X8;
v_RFU2;19;32;X5;
v_hee_DefaultServiceCenter;18;32;X1;
v_hee_AlarmStatusOld;17;32;X1;
v_hee_VibratorOld;16;32;X1;
v_hee_RingVolumeOld;13;32;X3;
v_hee_KeyPadLockOld;10;32;X3;
v_hee_KeyToneAlertOld;9;32;X1;
v_hee_OrganizerAlertOld;8;32;X1;
v_hee_BatteryLowAlertOld;7;32;X1;
v_hee_NewMessageAlertOld;6;32;X1;
v_hee_BacklightOld;4;32;X2;
v_hee_ZoomOld;3;32;X1;
v_hee_AnyKeyAnswerOld;2;32;X1;
v_hee_CommunicationOld;1;32;X1;
v_hee_AnimationOld;0;32;X1;
(A);;7344af;2;47ab8;
(A);;4a5ae;8;47b17;
(T);t_hwlaud_BblVolumeTable;4b15d;4b151;
(A);;734868;3;47ab8;
(T);s_hee_Trace;735241;73522d;
(T);stBblRfNvramTxVcoRegBoost;ab3c1;ab37e;
(A);;4a64a;6;47b17;
(S);;60ed5;42320;
s_Antipopup;0;;4ad02;
s_DspCommon;4336;;4b049;
a_DspRxOrgan;4832;;60f06;
a_DspTxOrgan;18016;;60f25;
a_DspRx40KOrgan;30016;;60f44;
a_UserRxOrgan;41552;;60f66;
(A);;4a8d5;10;47b17;
(T);t_hee_GsmStackParam;734a32;7348f6;
(A);;733618;1;47ab8;
(A);;4a925;10;47b17;
(T);t_atp_EepSmsCurrentSettings;733819;7337db;
(T);t_hee_SAV_Section;73ace1;73ac77;
(T);st_SavDownloading;739cbc;739c25;
(T);t_hee_SaveTCTAppl;73512c;735094;
(T);t_hee_SettingsBitFields1;737877;7375fd;
(T);t_hwlgpm_Generic;1b32f7;1b32c4;
(T);stBblRfNvramRssiParam;ab08f;ab03d;
(A);;738aea;13;47ab8;
(A);;738987;15;47ab8;
(S);;731c1b;32;
v_hee_RauAtSwitchOff;31;32;X1;
v_hee_EgprsMultiSlotClass;26;32;X5;
v_hee_GprsMultiSlotClass;21;32;X5;
v_hee_SplitPagingOnCcch;20;32;X1;
v_hee_T3190DuringTestMode;19;32;X1;
v_RFU1;16;32;X3;
v_RFU2;8;32;X8;
v_RFU3;0;32;X8;
(A);;ab5c1;4;ab08f;
(T);t_hee_GprsStack;731f02;731db4;
(A);;ab656;4;ab64a;
(A);;7335ac;3;7331ac;
(S);;73a55b;20032;
s_hwlsyn_Xtal;0;;1b3228;
(S);;72d850;320;
v_Mcc;0;;47ac2;
v_Mnc;16;;47ac2;
s_Ns1Ns2;32;;72d83b;
a_ImsiD6toD15;64;;72d883;
a_Gid1;192;;72d8a2;
a_Gid2;288;;72d8ba;
(S);;738492;224;
v_ParamIndicators;0;;47ab8;
a_DestAdd;8;;7384b2;
a_ServCentAdd;104;;7384cf;
v_PID;200;;47ab8;
v_DCS;208;;47ab8;
v_VP;216;;47ab8;
(A);;7392e6;24;47ab8;
(T);s_hee_SettingParam;73968e;739673;
(A);;73b2c4;8;47ab8;
(A);;ab958;4;70261;
(A);;7338a5;3;73318a;
(A);;4b102;32;47b17;
(T);t_hee_Features;73593b;73557e;
(T);t_hee_SettingsBitFields5;737ebc;737e26;
(S);;731b17;256;
s_hee_FmSettingsSectionHeader;0;;1b2a18;
s_hee_Setting;64;;731b01;
(T);t_hee_BtFactoryParam;73a131;73a0ef;
(A);;72d9fb;3;47ab8;
(S);t_keytbl;73b015;64;
scancode;0;;47ac2;
key_info;16;;47ac2;
short_digit;32;;47ac2;
long_digit;48;;47ac2;
(A);;739da8;19;47ae0;
(S);;734f3d;64;
v_hee_TraceCheckSum;0;;47ab8;
v_hee_TraceNumber;8;;47ab8;
v_hee_TraceSectionSize;16;;47ac2;
v_hee_TraceSignature;32;;47ae0;
(A);;7321e3;2;47ab8;
(T);t_hee_SaveTCTList;73507b;734fcc;
(A);;739227;73;73921f;
(A);;ab936;11;70261;
(S);;734fcc;128;
a_SystemEventList;0;;734fd1;
v_Process;80;;475af;
v_Instance;88;;47594;
v_AllInstance;96;;47ab8;
v_Flags;104;;47ab8;
v_MaxInputLength;112;;47ab8;
v_MaxOutputLength;120;;47ab8;
(A);;73ac15;2;47ab8;
(S);;73b083;1536;
s_hee_KbdSectionHeader;0;;1b2a18;
v_keyTable;64;;73b0a9;
(A);;4b128;20;47b17;
(T);t_hee_CcpE;738a90;738982;
(S);;734849;32;
v_hee_EnabledRAT;0;;47ab8;
v_GAP2;8;;734868;
(A);;7331b4;60;7331ac;
(A);;ab64a;16;70228;
(T);t_hee_DataBitFields4;732dea;732ced;
(A);;733564;3;7331ac;
(B);;70270;32;U;
(A);;4a58a;8;47b17;
(B);;733d4d;8;U;
(T);t_hee_CBMI;738446;738422;
(S);;4b929;2400;
v_ConfigUpControl;0;;47b17;
v_CodecUpControl;16;;47b17;
v_CodecUpGain;32;;47b17;
v_PcmControl;48;;47b17;
v_UlGain;64;;47b17;
v_UlTau;80;;47b17;
v_AuUlFacGain;96;;47b17;
a_TxFilter;112;;4b10e;
a_TxIirfilter;624;;4b134;
v_AuUlPgaThreshold;944;;47b17;
v_AuUlPgaBoostRate;960;;47b17;
v_AuUlDigPgaAtten;976;;47b17;
v_AuUlDigPgaBoost;992;;47b17;
v_ecL;1008;;47b17;
v_ecP;1024;;47b17;
v_ecDelta;1040;;47b17;
v_ecDeltaLSW;1056;;47b17;
v_ecMu0;1072;;47b17;
v_ecMu1;1088;;47b17;
v_ecMu2;1104;;47b17;
v_ecMu3;1120;;47b17;
v_ecFE_SpeechDelay;1136;;47b17;
v_ecTauAr;1152;;47b17;
v_ecTauAd;1168;;47b17;
v_ecL0;1184;;47b17;
v_ecTauCr;1200;;47b17;
v_ecTauBr;1216;;47b17;
v_ecTauBd;1232;;47b17;
v_ecL_FarEnd;1248;;47b17;
v_ecL_Residual1;1264;;47b17;
v_ecL_Residual2;1280;;47b17;
v_ecL_Env1;1296;;47b17;
v_ecL_Env2;1312;;47b17;
v_ecL_Env3;1328;;47b17;
v_ecL_Env4;1344;;47b17;
v_ecL_Env5;1360;;47b17;
v_ecL_Cfe1;1376;;47b17;
v_ecL_Cfe2;1392;;47b17;
v_ecHoldoff;1408;;47b17;
v_ecCfeTau1;1424;;47b17;
v_ecCfeTau2;1440;;47b17;
v_ecCfe_L0;1456;;47b17;
v_ecCfe_L1;1472;;47b17;
v_ecEnv_Tau1;1488;;47b17;
v_ecEnv_Tau2;1504;;47b17;
v_ecEnv_Tau3;1520;;47b17;
v_ecEnv_Tau4;1536;;47b17;
v_ecenv_PeakL1;1552;;47b17;
v_ecEnv_PeakL2;1568;;47b17;
v_ecNFGamma1;1584;;47b17;
v_ecNFGamma2;1600;;47b17;
v_ecNFp;1616;;47b17;
v_ecEnergyThrMsb;1632;;47b17;
v_ecEnergyThrLsb;1648;;47b17;
v_esUL_Gmin;1664;;47b17;
v_esUL_TauR;1680;;47b17;
v_esUL_TauD;1696;;47b17;
v_esDL_Gmin;1712;;47b17;
v_esDL_TauR;1728;;47b17;
v_esDL_TauD;1744;;47b17;
v_nsAlpha;1760;;47b17;
v_nsLn;1776;;47b17;
v_nsK;1792;;47b17;
v_nsTauR;1808;;47b17;
v_nsTauD;1824;;47b17;
v_nsLamda;1840;;47b17;
v_nsTauF;1856;;47b17;
a_SelEsX;1872;;4b189;
a_SelEsY;1936;;4b1ad;
s_DynNG;2000;;4b3b4;
s_Dses;2240;;4b22f;
s_EcIcc;2320;;4b40a;
v_UlHarmonizerAlpha;2368;;47ac2;
v_LowVoiceBoosterGain;2384;;47ac2;
(S);;739633;10400;
s_hee_SettingSectionHeader;0;;1b2a18;
s_hee_Setting;64;;73961d;
(A);;7351e3;100;475af;
(T);s_hee_GsmStackParam;734a4e;734a32;
(A);;72d911;8;47ab8;
(S);;72f351;320;
s_hee_ImeiSectionHeader;0;;1b2a18;
v_hee_Tac;64;;72f377;
v_hee_Fac;88;;47ab8;
v_hee_Snr;96;;72f3a6;
v_hee_CheckDigit;120;;47ab8;
v_hee_Dummy;128;;72f3dd;
v_hee_CryptedIMEI;192;;72f3fc;
(S);;738bc4;512;
v_MccValue;0;;47ac2;
v_MncValue;16;;47ac2;
a_NetworkName;32;;738bf1;
(S);;731aa0;192;
a_hee_PresetList;0;;731aa5;
v_hee_FmLastFreq;160;;47ac2;
v_hee_FmLastSoundLvl;176;;47ac2;
(A);;73955a;15;47ab8;
(A);;73c72f;2;47ab8;
(T);t_atp_CurrentRegisters;7333c3;73326e;
(S);;73a533;32;
s_hwlgpm;0;;1b32f7;
(A);;73c99b;10;73c98f;
(S);;4b245;240;
v_attenRise_DlVD;0;;47ac2;
v_attenFall_DlVD;16;;47ac2;
v_minGain_DlVD;32;;47ac2;
v_vadOffset_DlVD;48;;47ac2;
v_attenRise_DlVND;64;;47ac2;
v_attenFall_DlVND;80;;47ac2;
v_minGain_DlVND;96;;47ac2;
v_vadOffset_DlVND;112;;47ac2;
v_fastTauRise;128;;47ac2;
v_fastTauFall;144;;47ac2;
v_slowTauRise;160;;47ac2;
v_slowTauFall;176;;47ac2;
v_vadSoftRelease;192;;47ac2;
v_NFgamma1;208;;47ac2;
v_NFp;224;;47ac2;
(A);;73acbe;13;47ab8;
(A);;4b17d;4;47ac2;
(A);;734cec;64;47ab8;
(S);;4a4c6;4336;
a_array_0;0;;4a4cc;
a_array_1;160;;4a4e9;
a_array_0_single;320;;4a506;
a_array_1_single;480;;4a52a;
a_driver_0;640;;4a54e;
a_driver_1;752;;4a56c;
a_driver_0_p_vcm;864;;4a58a;
a_driver_1_p_vcm;992;;4a5ae;
a_driver_0_n_vcm;1120;;4a5d2;
a_driver_1_n_vcm;1232;;4a5f7;
v_vcm;1344;;47b17;
a_auxst_0;1360;;4a62c;
a_auxst_1;1456;;4a64a;
v_ear_diff_gain;1552;;47b17;
v_ear_p_gain;1568;;47b17;
v_ear_p_st_gain;1584;;47b17;
v_ear_n_gain;1600;;47b17;
v_ear_p_gain_vcm;1616;;47b17;
v_ear_p_st_gain_vcm;1632;;47b17;
v_ear_n_gain_vcm;1648;;47b17;
v_hso_diff_gain;1664;;47b17;
v_spk_diff_gain;1680;;47b17;
v_spk_diff_gain_vcm;1696;;47b17;
a_gain_dac_to_pga;1712;;4a770;
a_gain_dac_to_pga_p;1872;;4a796;
a_gain_dac_to_pga_n;2032;;4a7be;
a_gain_dac_to_pga_auxst;2192;;4a7e6;
a_gain_dac_to_pga_auxst_p;2352;;4a812;
a_gain_dac_to_pga_auxst_n;2512;;4a840;
a_pga_offset;2672;;4a86e;
a_pga_offset_p;2832;;4a88f;
a_pga_offset_n;2992;;4a8b2;
a_auxst_pga_offset;3152;;4a8d5;
a_auxst_p_pga_offset;3312;;4a8fc;
a_auxst_n_pga_offset;3472;;4a925;
v_ear_diff_offset;3632;;47b17;
v_ear_p_offset;3648;;47b17;
v_ear_p_st_offset;3664;;47b17;
v_ear_n_offset;3680;;47b17;
v_ear_p_offset_vcm;3696;;47b17;
v_ear_p_st_offset_vcm;3712;;47b17;
v_ear_n_offset_vcm;3728;;47b17;
v_hso_diff_offset;3744;;47b17;
v_spk_diff_offset;3760;;47b17;
v_spk_diff_offset_vcm;3776;;47b17;
v_auxst_gain_var;3792;;47b17;
v_auxst_p_gain_var;3808;;47b17;
v_auxst_abs_dac_off;3824;;47b17;
v_auxst_abs_pga_off;3840;;47b17;
v_pga_p_abs_pga_off;3856;;47b17;
v_auxst_p_abs_dac_off;3872;;47b17;
v_dac_dc_aux_off_diff;3888;;47b17;
v_dac_dc_aux_off_p;3904;;47b17;
v_dac_dc_aux_off_n;3920;;47b17;
v_vcm_dac_add_offset;3936;;47b17;
v_vcm_dac_add_offset_p;3952;;47b17;
v_vcm_dac_add_offset_n;3968;;47b17;
a_vcm_dac_off_p;3984;;4abd7;
a_vcm_dac_off_n;4080;;4abfb;
a_vcm_dac_off_diff;4176;;4ac1f;
v_vcm_dac_ref_point;4272;;47b17;
v_vcm_dac_ref_point_p;4288;;47b17;
v_vcm_dac_ref_point_n;4304;;47b17;
v_auxst_stereo_delta;4320;;47b17;
(A);;739a78;2;47ab8;
(A);;ab7ed;4;ab30c;
(A);;734812;3;47ab8;
(A);;73abec;6;47ab8;
(A);;73957e;15;47ab8;
(S);;731f1a;512;
s_hee_GprsStackSectionHeader;0;;1b2a18;
s_hee_GprsStack;64;;731f02;
(A);;ab4e4;4;701ec;
(A);;4a4e9;10;47b17;
(S);;73a7cf;128;
v_hee_MTX_Test_Status;0;;47ab8;
v_hee_MTX_Jig_Number;8;;47ab8;
v_hee_MTX_Line_Number;16;;47ab8;
v_hee_MTX_Test_Day;24;;47ab8;
v_hee_MTX_Test_Year;32;;47ac2;
v_hee_MTX_Test_Month;48;;47ab8;
v_hee_MTX_PCB_Number_Test;56;;47ab8;
v_hee_MTX_Jig_Side;64;;47ab8;
v_hee_MTX_Test_Hour;72;;47ab8;
v_hee_MTX_Number;80;;47ac2;
v_hee_MTX_Vibrator_Current;96;;47ab8;
v_hee_SpareL76;104;;73a921;
(A);;738a0b;15;47ab8;
(A);;1b32dd;3;47ab8;
(T);t_hee_SettingsBitFields;7375de;7373b9;
(T);t_hee_A5CipheringAlgoSupport;7346ee;7345dc;
(T);t_hee_GprsAppliParam;73225b;732218;
(A);;ab80a;4;701ec;
(T);t_hee_Plmn;7343e4;734375;
(S);;7348f6;2176;
s_hee_GsmStackSectionHeader;0;;1b2a18;
v_hee_plmn;64;;7343e4;
v_hee_baBitMap;96;;7344c9;
s_hee_MsPowerInf;672;;73435e;
v_hee_PlmnBandIndList;704;;7345be;
v_hee_EquivalentPlmnList;1536;;734422;
s_hee_A5CipheringAlgoSupport;1728;;7346ee;
s_hee_GEAAlgoSupport;1760;;73482c;
s_hee_EnabledRAT;1792;;734883;
v_hee_EmCallEcPlmnList;1824;;73446c;
v_hee_UMAConfig;2144;;7348de;
(S);;ab2d5;32;
txFreqOffset;0;;70228;
txFreqBiasPclMask;16;;70228;
(T);t_hwlaud_SelEsX;4b189;4b17d;
(S);;739b11;192;
v_hee_FirstIMEI;0;;739b16;
v_hee_SecondIMEI;64;;739b39;
v_hee_ThirdIMEI;128;;739b5d;
(S);;73acfb;800;
s_hee_OamSectionHeader;0;;1b2a18;
s_hee_CodeBarre_Section;64;;73a7b1;
s_hee_MTX_oam_Section;160;;73a944;
s_hee_FA_oam_Section;288;;73aa97;
s_hee_PN_Number;416;;73abd0;
s_hee_12NC_Number;544;;73ac5d;
s_hee_SAV_Section;672;;73ace1;
(A);;73a02f;2;47ab8;
(S);;7343f6;192;
v_hee_EquivalentPlmn;0;;7343fb;
(A);;ab673;16;701ec;
(T);s_hee_SPCENSection;739881;739868;
(T);t_hau_UserRxOrgan;60ebb;60e89;
(T);t_hwlaud_RxFilter;4b073;4b067;
(S);;732688;32;
v_CVHUMode;30;32;X2;
v_Echo;29;32;X1;
v_SuppressResult;28;32;X1;
v_Verbose;27;32;X1;
v_ExtendedResultCode;24;32;X3;
v_DSRcontrol;23;32;X1;
v_RTScontrol;22;32;X1;
v_DTRBehaviour;20;32;X2;
v_PSCallConnectDisconnect;19;32;X1;
v_PSAlternateLineService;17;32;X2;
v_PSVoiceMsgWaiting;16;32;X1;
v_PSDivCallIndNotification;15;32;X1;
v_PSServiceAvailability;14;32;X1;
v_DcdControl;13;32;X1;
v_FlowControlDCEbyDTE;11;32;X2;
v_FlowControlDTEbyDCE;9;32;X2;
v_FlowControl;6;32;X3;
v_Fclass;5;32;X1;
v_Dummyu32;0;32;X5;
(T);t_hee_CodeStruct;72d7dc;72d76d;
(A);;738b4d;13;47ab8;
(T);t_hee_WapDataParam;732454;73242a;
(A);;734447;10;7343e4;
(A);;ab59a;6;70249;
(A);;7399cc;1;47ab8;
(A);;73b1fc;2;47ab8;
(T);t_hee_FilterSMSCB;7387c1;73878a;
(T);t_hee_FeaturesGPRS2;736369;735ef1;
(A);;73a00d;6;47ab8;
(A);;73943f;22;47ab8;
(T);t_atp_RelativeTime;7336d1;733658;
(A);;73c842;4;73c836;
(T);s16;47b17;47b23;
(A);;73a921;3;47ab8;
(B);;7331ac;8;U;
(T);t_hwlaud_CalParametricTable;4acc4;4a4c6;
(A);;734bd9;2;47ab8;
(S);;735952;32;
v_hee_BOUYGUESoperator;31;32;X1;
v_hee_Operator1;30;32;X1;
v_hee_Operator2;29;32;X1;
v_hee_Operator3;28;32;X1;
v_hee_Operator4;27;32;X1;
v_hee_Operator5;26;32;X1;
v_hee_Operator6;25;32;X1;
v_hee_Operator7;24;32;X1;
v_hee_SetupMATAccessState;21;32;X3;
v_hee_GapFeatures1_0;20;32;X1;
v_hee_Setup_Brix;19;32;X1;
v_hee_Setup_Equalizer;18;32;X1;
v_hee_Setup_SpareDigit;17;32;X1;
v_hee_Setup_Meca;16;32;X1;
v_hee_Setup_Handsfree;15;32;X1;
v_hee_Setup_IRDA;14;32;X1;
v_hee_Slow_Synchro;13;32;X1;
v_hee_SetupVASSMS;12;32;X1;
v_hee_SetupMoses;11;32;X1;
v_hee_SetupSpridge;10;32;X1;
v_hee_NoNetworkInEmergencyIdle;9;32;X1;
v_hee_SetupGames;8;32;X1;
v_hee_Setup_ATP;7;32;X1;
v_hee_SetupDisplayMenuFaxData;6;32;X1;
v_hee_SetupDisplayMenuMailBox;5;32;X1;
v_hee_SetupSSinFDN;4;32;X1;
v_hee_SetupBandIndication;3;32;X1;
v_hee_SetupTraceL1Management;2;32;X1;
v_hee_SetupSwitchVoltFreqManagement;1;32;X1;
v_hee_SetupAvddssManagement;0;32;X1;
(T);t_hwlaud_Antipopup;4ad02;4ace7;
(A);;7387a1;10;47ab8;
(T);s_hee_SectionIndex;73ccf3;73cced;
(S);;739cd5;128;
v_hee_NbDecPagingBurst1;0;;47ae0;
v_hee_NbDecPagingBurst2;32;;47ae0;
v_hee_NbDecPagingBurst3;64;;47ae0;
v_hee_NbDecPagingBurst4;96;;47ae0;
(T);t_hee_PlmnList;734501;7344df;
(T);t_hee_12NC_Number;73ac5d;73abe7;
(A);;ab550;7;70228;
(T);t_hee_CharBatParam;73caad;73c55d;
(A);;73ca75;16;47ab8;
(S);;1b3292;32;
dummy;0;;1b3297;
(A);;4a54e;7;47b17;
(T);Uint8;701ec;701fa;
(A);;735110;3;47ab8;
(S);;73a007;4320;
a_hee_BTAddress;0;;73a00d;
v_GAP_fty;48;;73a02f;
v_hee_OutputPwr;64;;47ab8;
v_GAP_fty2;72;;73a064;
v_hee_Fref;96;;47ae0;
v_hee_Ksel;128;;47ae0;
a_hee_FactorySettingsBGB210;160;;73a0aa;
(T);s32;47b2c;47b38;
(T);s_hee_IpStackParam;731a00;7319e7;
(S);;736385;32;
v_hee_FirstCodecPriority;28;32;X4;
v_hee_SecondCodecPriority;24;32;X4;
v_hee_ThirdCodecPriority;20;32;X4;
v_hee_FourthCodecPriority;16;32;X4;
v_hee_FifthCodecPriority;12;32;X4;
v_hee_FillCodecPriority;0;32;X12;
(A);;7393ee;23;73921f;
(S);;ab32f;168;
txTimings;0;;ab340;
(S);;73665e;32;
v_hee_SecureClock_S3;0;;47ae0;
(A);;734d73;10;47ab8;
(T);st_SavIMEI;739b81;739b11;
(A);;735210;2;47ab8;
(T);t_hee_FeaturesGPRS1;735ed5;735d53;
(A);;7346d4;3;47ab8;
(T);t_hee_ProductionParam;734e7f;734e47;
(A);;738a6e;15;47ab8;
(S);;7337db;320;
a_atp_ScAddress;0;;7337e0;
s_atp_CSMPCmd;96;;7337b1;
(S);;73b1db;32;
v_hee_UCS2Bitfield;0;;47ac2;
v_GAP_UCS2Bitfield;16;;73b1fc;
(S);;733d90;32;
a_on_time;0;;47ac2;
a_off_time;16;;47ac2;
(A);;4a7e6;10;47b17;
(T);t_hee_EmCallEcPlmnList;73446c;734442;
(A);;738757;28;47ab8;
(A);;739511;6;47ab8;
(S);;ab03d;192;
rssiGainFctOfArfcn;0;;ab042;
rssiThresholdArfcn;64;;ab068;
(S);;732b2f;64;
v_CTZU_OnOff;31;32;X1;
v_CTZR_OnOff;30;32;X1;
v_PSSTKI_Mode;22;32;X8;
v_AthNoMTDisc;21;32;X1;
v_CNMI_Mode;19;32;X2;
v_CNMI_Mt;17;32;X2;
v_CNMI_Bm;15;32;X2;
v_CNMI_ds;13;32;X2;
v_CNMI_bfr;12;32;X1;
v_SMS_NotifMode;10;32;X2;
v_SR_NotifMode;9;32;X1;
v_TE_MemoryStatus;8;32;X1;
v_PSMEMCAP_Mode;7;32;X1;
v_CPLS_PLMNSelectedList;6;32;X1;
v_CFUNState;2;32;X4;
v_Baudrate;28;32;X4;
(T);t_hwlaud_DspTxCfg;4bf68;4b929;
(S);;735d53;32;
v_hee_QoSPrecedenceRequested;30;32;X2;
v_hee_QoSMeanMin;22;32;X8;
v_hee_QoSReliabilityMin;19;32;X3;
v_hee_QoSDelayMin;16;32;X3;
v_hee_QoSPrecedenceMin;14;32;X2;
v_hee_GapFeaturesGPRS1_0;9;32;X5;
v_hee_CounterType;7;32;X2;
v_hee_PDPActivation;5;32;X2;
v_hee_GPRSAttach;4;32;X1;
v_hee_IncomingSpeechCallWhileCSDCall;3;32;X1;
v_hee_OperationMode;0;32;X3;
(S);;73557e;32;
v_hee_ROKoperator;31;32;X1;
v_hee_FTMoperator;30;32;X1;
v_hee_KPNoperator;29;32;X1;
v_hee_LoftFeatures;28;32;X1;
v_hee_UEFAFeatures;27;32;X1;
v_hee_GapFeatures_0;26;32;X1;
v_hee_GapFeatures_1;25;32;X1;
v_hee_SetupEndSessionSTK2;24;32;X1;
v_hee_SetupSTKEmptyString;23;32;X1;
v_hee_SetupSTKCrBit;22;32;X1;
v_hee_SetupEscalatingTimer;21;32;X1;
v_hee_SetupDisplayMenuLang;20;32;X1;
v_hee_SetupMenuRegister;19;32;X1;
v_hee_SetupVibrator;18;32;X1;
v_hee_SetupProtectMboxn;17;32;X1;
v_hee_SetupReadWelcomeInSim;16;32;X1;
v_hee_GapFeatures_3;11;32;X5;
v_hee_SetupBeepCredit;10;32;X1;
v_hee_SetupSmartEditor;9;32;X1;
v_hee_SetupCopyCat;8;32;X1;
v_hee_SetupUCS2State;7;32;X1;
v_hee_SetupNotConfCall;6;32;X1;
v_hee_SetupScreenEndCallSTK;5;32;X1;
v_hee_SetupEndSessionSTK;4;32;X1;
v_hee_SetupSimToolKit;3;32;X1;
v_hee_SetupCompress;2;32;X1;
v_hee_GapFeatures_2;1;32;X1;
v_hee_SetupPAType;0;32;X1;
(T);t_hee_atp_PDPContext;73318a;732e07;
(T);s_hee_DataParam;733cb0;733c98;
(T);t_hee_BandIndList;734542;734517;
(T);st_bbl_nvram_rf;ab98b;ab455;
(T);t_hee_CBMIR;73847e;738459;
(T);t_atp_AsoluteTime;73363e;733547;
(S);;736489;32;
v_hee_SetupBerWithoutSimState;31;32;X1;
v_hee_CtmIndication;30;32;X1;
v_hee_FirstStartup;29;32;X1;
v_hee_DSL_UartSpeedHigh;28;32;X1;
v_hee_SetupRfPowerCapaGSM850;25;32;X3;
v_hee_MicMode;23;32;X2;
v_hee_rfacchmode;22;32;X1;
v_hee_sacchmode;21;32;X1;
v_hee_racchmode;20;32;X1;
v_hee_DtrActivateDsl;19;32;X1;
v_Gap;0;32;X19;
(A);;734c7c;10;47ab8;
(T);t_hee_SettingsBitFields4;737e05;737d0a;
(A);;7335e0;3;7331ac;
(A);;731d7d;4;47ac2;
(S);;73878a;96;
v_hee_Id;0;;47ac2;
a_hee_Names;16;;7387a1;
(A);;739b39;8;47ab8;
(T);st_SavL1cNbPclTxCounters;739ddd;739d80;
(S);;738422;256;
a_hee_CBMI;0;;738427;
(S);;73a765;96;
v_hee_CodeBarreMtx;0;;73a76a;
v_hee_SpareL75;48;;73a78f;
(A);;734c1a;2;47ab8;
(S);;4ad1c;496;
v_AuDeltaIBF;0;;47b17;
v_AuDeltaOBE;16;;47b17;
v_AuNoiseFactor;32;;47b17;
v_AuCalTransient;48;;47b17;
v_AuRxFifoWmark;64;;47b17;
v_AuRxFifoWmarkGprs;80;;47b17;
v_AuTxFifoWmark8k;96;;47b17;
v_AuTxFifoWmark40k;112;;47b17;
v_AuDaiClockRate;128;;47b17;
v_AuCodecSlipMonEnable;144;;47b17;
v_AuCodecSlipSamples;160;;47b17;
v_AuCodecSlipMask;176;;47b17;
v_AuCodecSlipThresh;192;;47b17;
v_AuCodecSlipT2;208;;47b17;
v_AuRampStep;224;;47b17;
v_AuCR_DL_Gain;240;;47b17;
v_AuCR_UL_Gain;256;;47b17;
v_AuCrToneAmplitude;272;;47b17;
v_AuCrToneDuration;288;;47b17;
v_AuCrToneConfig;304;;47b17;
v_AuDspSTLag;320;;47b17;
v_AuDspSTGain;336;;47b17;
v_AuA2dpBitPool;352;;47b17;
v_AuEqualizerDelta;368;;47b17;
v_AuImageFactor;384;;47b17;
v_AuImageGain;400;;47b17;
v_AuAcd_Reserved0;416;;47b17;
v_AuAcd_Reserved1;432;;47b17;
v_AuAcd_Reserved2;448;;47b17;
v_AuAcd_Reserved3;464;;47b17;
v_AuAntiPopBufAct;480;;47b17;
(A);;ab042;8;7020b;
(A);;734d31;8;47ab8;
(T);t_hee_SpeechParam;739751;739728;
(S);;739c25;64;
v_hee_Center;0;;47ac2;
v_hee_Day;16;;47ab8;
v_hee_Month;24;;47ab8;
v_hee_Year;32;;47ac2;
v_hee_Counter;48;;47ab8;
v_GAP_SavDownloading;56;;739c93;
(A);;7339ca;1;47ab8;
(T);t_Generic;73a54b;73a533;
(S);;731845;384;
s_hee_IpStackSectionHeader;0;;1b2a18;
v_hee_GsmTCPRecWndSize;64;;47ae0;
v_hee_GprsTCPRecWndSize;96;;47ae0;
v_hee_WlanTCPRecWndSize;128;;47ae0;
v_hee_EspTCPRecWndSize;160;;47ae0;
v_hee_SpiTCPRecWndSize;192;;47ae0;
v_hee_ProtocolMask;224;;47ae0;
v_hee_GsmMTU;256;;47ac2;
v_hee_GprsMTU;272;;47ac2;
v_hee_WlanMTU;288;;47ac2;
v_hee_EspMTU;304;;47ac2;
v_hee_SpiMTU;320;;47ac2;
v_hee_Padding;336;;47ac2;
v_hee_TraceLevel;352;;47ab8;
v_Gap;360;;7319cd;
(S);;733d48;32;
a_PhoneNumber;0;;733d55;
(T);bool;47a9a;47aa7;
(A);;73176b;31;47ac2;
(T);t_hwlaud_DspCommonBBL;4b049;4ad1c;
(T);t_hee_CodeBarre_Section;73a7b1;73a765;
(T);t_hee_SettingsDriver;7382fa;73828b;
(S);;60db7;1648;
s_DspRxCfg;0;;4b90f;
a_VolumeTable;1488;;4b15d;
(E);;1b247b;8;
FMM_SECTION_RADIO_INDEX;0;
FMM_SECTION_OM_INDEX;1;
FMM_SECTION_KBD_INDEX;2;
FMM_SECTION_TRACE_INDEX;3;
FMM_SECTION_SPEECH_INDEX;4;
FMM_SECTION_HOTK_INDEX;5;
FMM_SECTION_LDN_INDEX;6;
FMM_SECTION_LRN_INDEX;7;
FMM_SECTION_AUDIO_INDEX;8;
FMM_SECTION_BAT_INDEX;9;
FMM_SECTION_SAV_INDEX;10;
FMM_SECTION_SIM_INDEX;11;
FMM_SECTION_SETUP_INDEX;12;
FMM_SECTION_SETTINGS_INDEX;13;
FMM_SECTION_ADDR_INDEX;14;
FMM_SECTION_ALARM_INDEX;15;
FMM_SECTION_ORGANIZER_INDEX;16;
FMM_SECTION_DEBUG_INDEX;17;
FMM_SECTION_IMEI_INDEX;18;
FMM_SECTION_ADC_DATA_INDEX;19;
FMM_SECTION_CALL_INDEX;20;
FMM_SECTION_MEL_INDEX;21;
FMM_SECTION_DOM_INDEX;22;
FMM_SECTION_BANK_INDEX;23;
FMM_SECTION_SECURITY_INDEX;24;
FMM_SECTION_CONFIG_INDEX;25;
FMM_SECTION_GAME_INDEX;26;
FMM_SECTION_DYLINK_INDEX;27;
FMM_SECTION_WAP_DATA_INDEX;28;
FMM_SECTION_WAP_ENCRYPTED_DATA_INDEX;29;
FMM_SECTION_DATA_INDEX;30;
FMM_SECTION_BT_SETTINGS_INDEX;31;
FMM_SECTION_SPC_INDEX;32;
FMM_SECTION_IP_STACK_INDEX;33;
FMM_SECTION_BT_FACTORY_INDEX;34;
FMM_SECTION_Reserved33_INDEX;35;
FMM_SECTION_Reserved34_INDEX;36;
FMM_SECTION_VIRGIN_INDEX;37;
FMM_SECTION_GPRS_APPLI_INDEX;38;
FMM_SECTION_GPRS_STACK_INDEX;39;
FMM_SECTION_PRODUCTION_INDEX;40;
FMM_SECTION_GSM_STACK_INDEX;41;
(S);;7352cd;32;
v_German;31;32;X1;
v_English;30;32;X1;
v_Italian;29;32;X1;
v_French;28;32;X1;
v_Spanish;27;32;X1;
v_Dutch;26;32;X1;
v_Swedish;25;32;X1;
v_Danish;24;32;X1;
v_Portuguese;23;32;X1;
v_Finnish;22;32;X1;
v_Norwegian;21;32;X1;
v_Greek;20;32;X1;
v_Turkish;19;32;X1;
v_Hungarian;18;32;X1;
v_Polish;17;32;X1;
v_Czech;16;32;X1;
v_Slovakia;15;32;X1;
v_Russian;14;32;X1;
v_Indonesia;13;32;X1;
v_Arabic;12;32;X1;
v_SimplifiedChinese;11;32;X1;
v_TraditionalChinese;10;32;X1;
v_Hebrew;9;32;X1;
v_Lithuanian;8;32;X1;
v_Romanian;7;32;X1;
v_Thai;6;32;X1;
v_Estonian;5;32;X1;
v_Latvian;4;32;X1;
v_RFU;0;32;X4;
(A);;4a4cc;10;47b17;
(T);st_date;73995f;73991d;
(T);u32;47ae0;47aec;
(A);;733379;3;7331ac;
(T);t_hee_Features1;735d3b;735952;
(B);;73921f;8;U;
(T);t_hee_Smscb;73840e;73839d;
(A);;734bfa;2;47ab8;
(A);;738b0b;13;47ab8;
(A);;ab606;4;70261;
(T);t_hee_Mboxn;738776;7386fd;
(S);;ab455;8480;
versionId;0;;70228;
afcDacValue;16;;70228;
afcSlopeMin;32;;70228;
afcSlopeMax;48;;70228;
cdacValue;64;;701ec;
rxTxAsmRxFemWord;72;;ab4c0;
rxTxAsmTxFemWord;104;;ab4e4;
rxTxAsmSleepMode;136;;701ec;
paBandSelUart;144;;701ec;
paBandSelGpio;152;;701ec;
rxTimingAllBands;160;;ab550;
rssiTimingAllBands;272;;ab574;
rxAccGain;384;;ab5a6;
rssiCorrection;768;;ab5c1;
rssiCorrectionTemp;1536;;ab5e1;
rampProfileUp;1664;;ab606;
rampProfileDn;1792;;ab628;
txVrampMax;1920;;ab656;
txVrampMin;2944;;ab67f;
rampUpTable;3456;;ab6a8;
rampDnTable;4480;;ab6d2;
txVrampCorr;5504;;ab6f0;
txVrampTempCorr;5760;;ab70e;
txVrampVBatCorr;5952;;ab730;
txTimingsPclRange;6144;;ab752;
txTimings;6176;;ab778;
txTimingsAll;6848;;ab794;
alignment_dummy_4;6928;;701ec;
alignment_dummy_5;6936;;701ec;
txFreqBias;6944;;ab7ed;
rxTxDelay;7072;;ab80a;
txVcoRegBoost;7104;;ab828;
paRampDacFilter;7168;;701ec;
rxLnaSwap;7176;;701ec;
alignment_dummy_7;7184;;701ec;
alignment_dummy_8;7192;;701ec;
initSequence0;7200;;ab8ae;
initSequence1;7232;;ab8d0;
initSequence2;7616;;ab8f2;
initSequence3;7808;;ab914;
initSequence4;7968;;ab936;
initSequence5;8320;;ab958;
tdiLite;8448;;ab439;
(T);st_SavL1cNbDecPagingBurst;739d5f;739cd5;
(A);;73b0a9;23;73b071;
(S);;73242a;64;
s_hee_WapDataSectionHeader;0;;1b2a18;
(A);;7389a8;15;47ab8;
(S);;737b3c;32;
v_hee_SettingsBitFields3_FILLWORDS3;24;32;X8;
v_hee_SettingsBitFields3_FILLWORDS2;16;32;X8;
v_hee_SettingsDCSState;15;32;X1;
v_hee_SettingsEGSMState;14;32;X1;
v_hee_SettingsGSMState;13;32;X1;
v_hee_SettingsGSM850State;12;32;X1;
v_hee_SettingsPCS1900State;11;32;X1;
v_hee_NOISEVOID_switch;10;32;X1;
v_hee_LIFEVIBESVOICECLARITY_switch;9;32;X1;
v_hee_Eotd_activation;8;32;X1;
v_hee_Eotd_rate;0;32;X8;
(A);;73c806;4;47ac2;
(S);;60e89;192;
s_UserRxCfg;0;;4bfb9;
a_VolumeTable;32;;4b15d;
(A);;734b97;2;47ab8;
(S);;73372b;224;
s_hee_SmsVp;0;;733714;
v_hee_Smsfo;192;;47ab8;
v_hee_SmsPid;200;;47ab8;
v_hee_SmsDcs;208;;47ab8;
v_GAP_SmsSettingsProfile;216;;733784;
(S);;ab3e3;32;
normalClock;0;;701ec;
normalMcu;8;;701ec;
streamClock;16;;701ec;
streamMcu;24;;701ec;
(T);s_hee_BtSettingParam;73a46b;73a44e;
(T);t_hee_AccesoriesBitFields;738269;738101;
(S);;ab37e;32;
txVcoRegVoltageHigh;0;;70228;
txVcoRegThresholdArfcn;16;;70228;
(A);;73ab41;3;47ab8;
(T);t_hee_UserGprsStack;731d10;731c1b;
(T);t_hwlsyn_Xtal;1b3228;1b31da;
(T);t_hee_UserGprsAppli;7320ea;73201f;
(T);s_hee_KbdParam;73b0dd;73b0c6;
(A);;733398;1;47ab8;
(T);t_hee_CmuxSettings;7339e6;73392f;
(A);;72d8ba;1;72d83b;
(A);;4a7be;10;47b17;
(S);;739801;224;
s_hee_spcSectionHeader;0;;1b2a18;
a_hee_EmergencyNumber;64;;739826;
v_GAP;208;;73984e;
(T);t_hee_SetupLanguages;735562;7352cd;
(T);t_hee_QuickSettingsBitFields;7380dc;737edd;
(A);;ab67f;4;ab673;
(A);;731e29;9;47ab8;
(A);;73a317;65;47ab8;
(A);;73c7d5;4;47ac2;
(S);;4bf82;32;
v_CodecDnControl;0;;47b17;
v_CodecDnGain;16;;47b17;
(T);t_hee_SimLocked;72da93;72d8eb;
(A);;73907f;20;47ac2;
(A);;73c8e1;4;73c8d5;
(T);s_hee_WapEncryptedDataParam;732376;732354;
(A);;ab914;5;70261;
(T);s_hee_WapDataParam;73246d;732454;
(S);;73a1ef;768;
a_hee_BTAddress;0;;73a1f4;
a_hee_DeviceName;48;;73a216;
a_hee_LinkKey;568;;73a239;
v_hee_PinCodeSize;696;;47ab8;
v_hee_Trust;704;;47a9a;
v_hee_Busy;712;;47a9a;
v_hee_SpeakerVolume;720;;47ab8;
v_hee_MicroVolume;728;;47ab8;
v_hee_DeviceClass;736;;47ae0;
(T);t_atp_EepSmsSettingsProfile;73387b;73383d;
(S);;7333e2;96;
s_hee_DataBitFields1;0;;7328b2;
v_S0;32;;47ab8;
v_S1;40;;47ab8;
v_S3;48;;47ab8;
v_S4;56;;47ab8;
v_S5;64;;47ab8;
v_S7;72;;47ab8;
v_S8;80;;47ab8;
v_S10;88;;47ab8;
(T);s_hee_GprsAppliParam;732277;73225b;
(T);t_hee_SectionHeader;1b2a18;1b29af;
(A);;ab69c;16;70228;
(S);;734af2;2160;
a_hee_AsmVer;0;;734af8;
a_hee_AsmPart;32;;734b17;
a_hee_FactId;128;;734b37;
a_hee_LinId;152;;734b57;
a_hee_SpcPart;232;;734b76;
a_hee_BtstCnt;328;;734b97;
a_hee_PtstCnt;344;;734bb8;
a_hee_FtstCnt;360;;734bd9;
a_hee_AntCnt;376;;734bfa;
a_hee_VisCnt;392;;734c1a;
a_hee_TayCnt;408;;734c3a;
a_hee_FtstRack;424;;734c5a;
a_hee_FtstDate;448;;734c7c;
v_hee_AntFailed;528;;47ab8;
v_hee_CITFlag;536;;47ab8;
a_hee_Spa1;544;;734cce;
a_hee_TstInfo;560;;734cec;
a_hee_PhaChksum;1072;;734d0d;
a_hee_FacFlag;1088;;734d31;
a_hee_EsnNo;1152;;734d53;
a_hee_Spa2;1216;;734d73;
a_hee_ChkSum;1296;;734d92;
a_hee_ScratchPad;1328;;734db3;
a_tcmcAccess;2128;;47ab8;
a_lcdContrast;2136;;47ab8;
v_MATMode;2144;;47ab8;
a_padByte;2152;;47ab8;
(T);stBblRfNvramTxVrampTempCorrectionParam;ab223;ab1cd;
(T);t_hee_Uart_Data_Format;73837e;738317;
(A);;73a78f;6;47ab8;
(S);;733498;96;
s_hee_DataBitFields1;0;;7328b2;
v_S0;32;;47ab8;
v_S1;40;;47ab8;
v_S3;48;;47ab8;
v_S4;56;;47ab8;
v_S5;64;;47ab8;
v_S7;72;;47ab8;
v_S8;80;;47ab8;
v_S10;88;;47ab8;
(T);t_hee_ExtE;738bb1;738aa3;
(T);s_hee_BtFactoryParam;73a14d;73a131;
(S);;73af26;2048;
s_hee_MelodySectionHeader;0;;1b2a18;
s_hee_Melody;64;;73af13;
(A);;73662a;3;47ab8;
(A);;73c8a3;4;47b17;
(A);;739a27;4;47ab8;
(A);;739415;22;47ab8;
(S);;73828b;32;
v_RFU4;24;32;X8;
v_RFU3;16;32;X8;
v_RFU2;8;32;X8;
v_RFU1;1;32;X7;
v_hee_ClockReset;0;32;X1;
(T);s_hee_ImeiParam;72f438;72f422;
(T);t_hee_DataParam;733c98;733a96;
(B);;47b38;32;S;
(A);;ab340;3;ab334;
(A);;4b1a1;4;47ac2;
